../Core/Inc/Si446x/Si446x.h:563:20:_Si446x_iRestore	16	static,ignoring_inline_asm
../Core/Src/Si446x/Si446x.c:53:14:__empty_callback0	4	static
../Core/Src/Si446x/Si446x.c:54:14:__empty_callback1	16	static
../Core/Src/Si446x/Si446x.c:61:28:SI446X_CB_RXCOMPLETE	16	static
../Core/Src/Si446x/Si446x.c:187:16:receiveResponse	32	static
../Core/Src/Si446x/Si446x.c:221:16:getResponse	32	static
../Core/Src/Si446x/Si446x.c:251:16:waitForResponse	24	static
../Core/Src/Si446x/Si446x.c:267:13:doAPI	32	static
../Core/Src/Si446x/Si446x.c:292:13:setProperties	32	static
../Core/Src/Si446x/Si446x.c:310:20:setProperty	16	static
../Core/Src/Si446x/Si446x.c:323:13:getProperties	24	static
../Core/Src/Si446x/Si446x.c:336:23:getProperty	24	static
../Core/Src/Si446x/Si446x.c:344:17:getADC	24	static
../Core/Src/Si446x/Si446x.c:356:16:getFRR	24	static
../Core/Src/Si446x/Si446x.c:371:16:getLatchedRSSI	16	static
../Core/Src/Si446x/Si446x.c:379:23:getState	16	static
../Core/Src/Si446x/Si446x.c:392:13:setState	24	static
../Core/Src/Si446x/Si446x.c:402:13:clearFIFO	8	static
../Core/Src/Si446x/Si446x.c:440:13:interrupt	24	static
../Core/Src/Si446x/Si446x.c:447:13:interrupt2	24	static
../Core/Src/Si446x/Si446x.c:459:13:resetDevice	8	static
../Core/Src/Si446x/Si446x.c:480:13:applyStartupConfig	40	static
../Core/Src/Si446x/Si446x.c:491:6:Si446x_init	8	static
../Core/Src/Si446x/Si446x.c:520:6:Si446x_getInfo	24	static
../Core/Src/Si446x/Si446x.c:544:9:Si446x_getRSSI	16	static
../Core/Src/Si446x/Si446x.c:555:16:Si446x_getState	8	static
../Core/Src/Si446x/Si446x.c:561:6:Si446x_setTxPower	16	static
../Core/Src/Si446x/Si446x.c:601:6:Si446x_setLowBatt	24	static
../Core/Src/Si446x/Si446x.c:608:6:Si446x_setupWUT	40	static
../Core/Src/Si446x/Si446x.c:656:6:Si446x_disableWUT	16	static
../Core/Src/Si446x/Si446x.c:674:6:Si446x_setupCallback	24	static
../Core/Src/Si446x/Si446x.c:710:9:Si446x_sleep	8	static
../Core/Src/Si446x/Si446x.c:718:6:Si446x_read	32	static
../Core/Src/Si446x/Si446x.c:758:9:Si446x_TX	32	static
../Core/Src/Si446x/Si446x.c:827:6:Si446x_RX	32	static
../Core/Src/Si446x/Si446x.c:854:10:Si446x_adc_gpio	24	static
../Core/Src/Si446x/Si446x.c:860:10:Si446x_adc_battery	16	static
../Core/Src/Si446x/Si446x.c:867:7:Si446x_adc_temperature	16	static
../Core/Src/Si446x/Si446x.c:874:6:Si446x_writeGPIO	24	static
../Core/Src/Si446x/Si446x.c:890:9:Si446x_readGPIO	16	static
../Core/Src/Si446x/Si446x.c:900:9:Si446x_dump	24	static
