../Core/Src/main.c:79:5:main	48	static
../Core/Src/main.c:164:6:SystemClock_Config	96	static
../Core/Src/main.c:219:13:MX_CAN1_Init	8	static
../Core/Src/main.c:256:13:MX_RTC_Init	8	static
../Core/Src/main.c:292:13:MX_SPI1_Init	8	static
../Core/Src/main.c:332:13:MX_SPI2_Init	8	static
../Core/Src/main.c:372:13:MX_SPI3_Init	8	static
../Core/Src/main.c:412:13:MX_GPIO_Init	48	static
../Core/Src/main.c:461:6:HAL_CAN_RxFifo0MsgPendingCallback	16	static
../Core/Src/main.c:475:6:StartDefaultTask	16	static
../Core/Src/main.c:494:6:HAL_TIM_PeriodElapsedCallback	16	static
../Core/Src/main.c:511:6:Error_Handler	4	static,ignoring_inline_asm
