../Core/Src/main.c:79:5:main	48	static
../Core/Src/main.c:163:6:SystemClock_Config	96	static
../Core/Src/main.c:218:13:MX_CAN1_Init	8	static
../Core/Src/main.c:255:13:MX_RTC_Init	8	static
../Core/Src/main.c:291:13:MX_SPI1_Init	8	static
../Core/Src/main.c:331:13:MX_SPI2_Init	8	static
../Core/Src/main.c:371:13:MX_SPI3_Init	8	static
../Core/Src/main.c:411:13:MX_GPIO_Init	48	static
../Core/Src/main.c:460:6:HAL_CAN_RxFIFO0MsgPendingCallback	16	static
../Core/Src/main.c:474:6:StartDefaultTask	16	static
../Core/Src/main.c:493:6:HAL_TIM_PeriodElapsedCallback	16	static
../Core/Src/main.c:510:6:Error_Handler	4	static,ignoring_inline_asm
