Archive member included to satisfy reference by file (symbol)

c:/st/stm32cubeide_1.9.0/stm32cubeide/plugins/com.st.stm32cube.ide.mcu.externaltools.gnu-tools-for-stm32.10.3-2021.10.win32_1.0.100.202210260954/tools/bin/../lib/gcc/arm-none-eabi/10.3.1/../../../../arm-none-eabi/lib/thumb/v7e-m+fp/hard\libc_nano.a(lib_a-assert.o)
                              ./Drivers/Hardware_Peripherals/Test/Src/W25N_driver_test.o (__assert_func)
c:/st/stm32cubeide_1.9.0/stm32cubeide/plugins/com.st.stm32cube.ide.mcu.externaltools.gnu-tools-for-stm32.10.3-2021.10.win32_1.0.100.202210260954/tools/bin/../lib/gcc/arm-none-eabi/10.3.1/../../../../arm-none-eabi/lib/thumb/v7e-m+fp/hard\libc_nano.a(lib_a-errno.o)
                              ./Core/Src/syscalls.o (__errno)
c:/st/stm32cubeide_1.9.0/stm32cubeide/plugins/com.st.stm32cube.ide.mcu.externaltools.gnu-tools-for-stm32.10.3-2021.10.win32_1.0.100.202210260954/tools/bin/../lib/gcc/arm-none-eabi/10.3.1/../../../../arm-none-eabi/lib/thumb/v7e-m+fp/hard\libc_nano.a(lib_a-exit.o)
                              c:/st/stm32cubeide_1.9.0/stm32cubeide/plugins/com.st.stm32cube.ide.mcu.externaltools.gnu-tools-for-stm32.10.3-2021.10.win32_1.0.100.202210260954/tools/bin/../lib/gcc/arm-none-eabi/10.3.1/../../../../arm-none-eabi/lib/thumb/v7e-m+fp/hard/crt0.o (exit)
c:/st/stm32cubeide_1.9.0/stm32cubeide/plugins/com.st.stm32cube.ide.mcu.externaltools.gnu-tools-for-stm32.10.3-2021.10.win32_1.0.100.202210260954/tools/bin/../lib/gcc/arm-none-eabi/10.3.1/../../../../arm-none-eabi/lib/thumb/v7e-m+fp/hard\libc_nano.a(lib_a-fprintf.o)
                              c:/st/stm32cubeide_1.9.0/stm32cubeide/plugins/com.st.stm32cube.ide.mcu.externaltools.gnu-tools-for-stm32.10.3-2021.10.win32_1.0.100.202210260954/tools/bin/../lib/gcc/arm-none-eabi/10.3.1/../../../../arm-none-eabi/lib/thumb/v7e-m+fp/hard\libc_nano.a(lib_a-assert.o) (fiprintf)
c:/st/stm32cubeide_1.9.0/stm32cubeide/plugins/com.st.stm32cube.ide.mcu.externaltools.gnu-tools-for-stm32.10.3-2021.10.win32_1.0.100.202210260954/tools/bin/../lib/gcc/arm-none-eabi/10.3.1/../../../../arm-none-eabi/lib/thumb/v7e-m+fp/hard\libc_nano.a(lib_a-impure.o)
                              c:/st/stm32cubeide_1.9.0/stm32cubeide/plugins/com.st.stm32cube.ide.mcu.externaltools.gnu-tools-for-stm32.10.3-2021.10.win32_1.0.100.202210260954/tools/bin/../lib/gcc/arm-none-eabi/10.3.1/../../../../arm-none-eabi/lib/thumb/v7e-m+fp/hard\libc_nano.a(lib_a-exit.o) (_global_impure_ptr)
c:/st/stm32cubeide_1.9.0/stm32cubeide/plugins/com.st.stm32cube.ide.mcu.externaltools.gnu-tools-for-stm32.10.3-2021.10.win32_1.0.100.202210260954/tools/bin/../lib/gcc/arm-none-eabi/10.3.1/../../../../arm-none-eabi/lib/thumb/v7e-m+fp/hard\libc_nano.a(lib_a-init.o)
                              c:/st/stm32cubeide_1.9.0/stm32cubeide/plugins/com.st.stm32cube.ide.mcu.externaltools.gnu-tools-for-stm32.10.3-2021.10.win32_1.0.100.202210260954/tools/bin/../lib/gcc/arm-none-eabi/10.3.1/../../../../arm-none-eabi/lib/thumb/v7e-m+fp/hard/crt0.o (__libc_init_array)
c:/st/stm32cubeide_1.9.0/stm32cubeide/plugins/com.st.stm32cube.ide.mcu.externaltools.gnu-tools-for-stm32.10.3-2021.10.win32_1.0.100.202210260954/tools/bin/../lib/gcc/arm-none-eabi/10.3.1/../../../../arm-none-eabi/lib/thumb/v7e-m+fp/hard\libc_nano.a(lib_a-memcmp.o)
                              ./Drivers/Hardware_Peripherals/Test/Src/W25N_driver_test.o (memcmp)
c:/st/stm32cubeide_1.9.0/stm32cubeide/plugins/com.st.stm32cube.ide.mcu.externaltools.gnu-tools-for-stm32.10.3-2021.10.win32_1.0.100.202210260954/tools/bin/../lib/gcc/arm-none-eabi/10.3.1/../../../../arm-none-eabi/lib/thumb/v7e-m+fp/hard\libc_nano.a(lib_a-memcpy-stub.o)
                              ./Drivers/Hardware_Peripherals/Test/Src/W25N_driver_test.o (memcpy)
c:/st/stm32cubeide_1.9.0/stm32cubeide/plugins/com.st.stm32cube.ide.mcu.externaltools.gnu-tools-for-stm32.10.3-2021.10.win32_1.0.100.202210260954/tools/bin/../lib/gcc/arm-none-eabi/10.3.1/../../../../arm-none-eabi/lib/thumb/v7e-m+fp/hard\libc_nano.a(lib_a-memset.o)
                              c:/st/stm32cubeide_1.9.0/stm32cubeide/plugins/com.st.stm32cube.ide.mcu.externaltools.gnu-tools-for-stm32.10.3-2021.10.win32_1.0.100.202210260954/tools/bin/../lib/gcc/arm-none-eabi/10.3.1/../../../../arm-none-eabi/lib/thumb/v7e-m+fp/hard/crt0.o (memset)
c:/st/stm32cubeide_1.9.0/stm32cubeide/plugins/com.st.stm32cube.ide.mcu.externaltools.gnu-tools-for-stm32.10.3-2021.10.win32_1.0.100.202210260954/tools/bin/../lib/gcc/arm-none-eabi/10.3.1/../../../../arm-none-eabi/lib/thumb/v7e-m+fp/hard\libc_nano.a(lib_a-nano-vfprintf.o)
                              c:/st/stm32cubeide_1.9.0/stm32cubeide/plugins/com.st.stm32cube.ide.mcu.externaltools.gnu-tools-for-stm32.10.3-2021.10.win32_1.0.100.202210260954/tools/bin/../lib/gcc/arm-none-eabi/10.3.1/../../../../arm-none-eabi/lib/thumb/v7e-m+fp/hard\libc_nano.a(lib_a-fprintf.o) (_vfprintf_r)
[...]
Memory Configuration

Name             Origin             Length             Attributes
RAM              0x0000000020000000 0x0000000000028000 xrw
RAM2             0x0000000010000000 0x0000000000008000 xrw
FLASH            0x0000000008000000 0x0000000000080000 xr
*default*        0x0000000000000000 0xffffffffffffffff

Linker script and memory map

LOAD c:/st/stm32cubeide_1.9.0/stm32cubeide/plugins/com.st.stm32cube.ide.mcu.externaltools.gnu-tools-for-stm32.10.3-2021.10.win32_1.0.100.202210260954/tools/bin/../lib/gcc/arm-none-eabi/10.3.1/thumb/v7e-m+fp/hard/crti.o
LOAD c:/st/stm32cubeide_1.9.0/stm32cubeide/plugins/com.st.stm32cube.ide.mcu.externaltools.gnu-tools-for-stm32.10.3-2021.10.win32_1.0.100.202210260954/tools/bin/../lib/gcc/arm-none-eabi/10.3.1/thumb/v7e-m+fp/hard/crtbegin.o
LOAD c:/st/stm32cubeide_1.9.0/stm32cubeide/plugins/com.st.stm32cube.ide.mcu.externaltools.gnu-tools-for-stm32.10.3-2021.10.win32_1.0.100.202210260954/tools/bin/../lib/gcc/arm-none-eabi/10.3.1/../../../../arm-none-eabi/lib/thumb/v7e-m+fp/hard/crt0.o
LOAD ./Core/Src/can.o
LOAD ./Core/Src/main.o
LOAD ./Core/Src/stm32l4xx_hal_msp.o
LOAD ./Core/Src/stm32l4xx_hal_timebase_tim.o
LOAD ./Core/Src/stm32l4xx_it.o
LOAD ./Core/Src/syscalls.o
LOAD ./Core/Src/sysmem.o
LOAD ./Core/Src/system_stm32l4xx.o
LOAD ./Core/Startup/startup_stm32l452retx.o
LOAD ./Drivers/Hardware_Peripherals/Src/W25N_driver.o
LOAD ./Drivers/Hardware_Peripherals/Test/Src/W25N_driver_test.o
LOAD ./Drivers/STM32L4xx_HAL_Driver/Src/stm32l4xx_hal.o
LOAD ./Drivers/STM32L4xx_HAL_Driver/Src/stm32l4xx_hal_can.o
LOAD ./Drivers/STM32L4xx_HAL_Driver/Src/stm32l4xx_hal_cortex.o
LOAD ./Drivers/STM32L4xx_HAL_Driver/Src/stm32l4xx_hal_dma.o
LOAD ./Drivers/STM32L4xx_HAL_Driver/Src/stm32l4xx_hal_dma_ex.o
LOAD ./Drivers/STM32L4xx_HAL_Driver/Src/stm32l4xx_hal_exti.o
LOAD ./Drivers/STM32L4xx_HAL_Driver/Src/stm32l4xx_hal_flash.o
LOAD ./Drivers/STM32L4xx_HAL_Driver/Src/stm32l4xx_hal_flash_ex.o
LOAD ./Drivers/STM32L4xx_HAL_Driver/Src/stm32l4xx_hal_flash_ramfunc.o
LOAD ./Drivers/STM32L4xx_HAL_Driver/Src/stm32l4xx_hal_gpio.o
LOAD ./Drivers/STM32L4xx_HAL_Driver/Src/stm32l4xx_hal_i2c.o
LOAD ./Drivers/STM32L4xx_HAL_Driver/Src/stm32l4xx_hal_i2c_ex.o
LOAD ./Drivers/STM32L4xx_HAL_Driver/Src/stm32l4xx_hal_pwr.o
LOAD ./Drivers/STM32L4xx_HAL_Driver/Src/stm32l4xx_hal_pwr_ex.o
LOAD ./Drivers/STM32L4xx_HAL_Driver/Src/stm32l4xx_hal_rcc.o
LOAD ./Drivers/STM32L4xx_HAL_Driver/Src/stm32l4xx_hal_rcc_ex.o
LOAD ./Drivers/STM32L4xx_HAL_Driver/Src/stm32l4xx_hal_rtc.o
LOAD ./Drivers/STM32L4xx_HAL_Driver/Src/stm32l4xx_hal_rtc_ex.o
LOAD ./Drivers/STM32L4xx_HAL_Driver/Src/stm32l4xx_hal_spi.o
LOAD ./Drivers/STM32L4xx_HAL_Driver/Src/stm32l4xx_hal_spi_ex.o
LOAD ./Drivers/STM32L4xx_HAL_Driver/Src/stm32l4xx_hal_tim.o
LOAD ./Drivers/STM32L4xx_HAL_Driver/Src/stm32l4xx_hal_tim_ex.o
LOAD ./Drivers/STM32L4xx_HAL_Driver/Src/stm32l4xx_hal_uart.o
LOAD ./Drivers/STM32L4xx_HAL_Driver/Src/stm32l4xx_hal_uart_ex.o
START GROUP
LOAD c:/st/stm32cubeide_1.9.0/stm32cubeide/plugins/com.st.stm32cube.ide.mcu.externaltools.gnu-tools-for-stm32.10.3-2021.10.win32_1.0.100.202210260954/tools/bin/../lib/gcc/arm-none-eabi/10.3.1/../../../../arm-none-eabi/lib/thumb/v7e-m+fp/hard\libc_nano.a
LOAD c:/st/stm32cubeide_1.9.0/stm32cubeide/plugins/com.st.stm32cube.ide.mcu.externaltools.gnu-tools-for-stm32.10.3-2021.10.win32_1.0.100.202210260954/tools/bin/../lib/gcc/arm-none-eabi/10.3.1/../../../../arm-none-eabi/lib/thumb/v7e-m+fp/hard\libm.a
END GROUP
START GROUP
LOAD c:/st/stm32cubeide_1.9.0/stm32cubeide/plugins/com.st.stm32cube.ide.mcu.externaltools.gnu-tools-for-stm32.10.3-2021.10.win32_1.0.100.202210260954/tools/bin/../lib/gcc/arm-none-eabi/10.3.1/thumb/v7e-m+fp/hard\libgcc.a
LOAD c:/st/stm32cubeide_1.9.0/stm32cubeide/plugins/com.st.stm32cube.ide.mcu.externaltools.gnu-tools-for-stm32.10.3-2021.10.win32_1.0.100.202210260954/tools/bin/../lib/gcc/arm-none-eabi/10.3.1/../../../../arm-none-eabi/lib/thumb/v7e-m+fp/hard\libc_nano.a
END GROUP
START GROUP
LOAD c:/st/stm32cubeide_1.9.0/stm32cubeide/plugins/com.st.stm32cube.ide.mcu.externaltools.gnu-tools-for-stm32.10.3-2021.10.win32_1.0.100.202210260954/tools/bin/../lib/gcc/arm-none-eabi/10.3.1/thumb/v7e-m+fp/hard\libgcc.a
LOAD c:/st/stm32cubeide_1.9.0/stm32cubeide/plugins/com.st.stm32cube.ide.mcu.externaltools.gnu-tools-for-stm32.10.3-2021.10.win32_1.0.100.202210260954/tools/bin/../lib/gcc/arm-none-eabi/10.3.1/../../../../arm-none-eabi/lib/thumb/v7e-m+fp/hard\libc_nano.a
LOAD c:/st/stm32cubeide_1.9.0/stm32cubeide/plugins/com.st.stm32cube.ide.mcu.externaltools.gnu-tools-for-stm32.10.3-2021.10.win32_1.0.100.202210260954/tools/bin/../lib/gcc/arm-none-eabi/10.3.1/../../../../arm-none-eabi/lib/thumb/v7e-m+fp/hard\libnosys.a
END GROUP
START GROUP
LOAD c:/st/stm32cubeide_1.9.0/stm32cubeide/plugins/com.st.stm32cube.ide.mcu.externaltools.gnu-tools-for-stm32.10.3-2021.10.win32_1.0.100.202210260954/tools/bin/../lib/gcc/arm-none-eabi/10.3.1/thumb/v7e-m+fp/hard\libgcc.a
LOAD c:/st/stm32cubeide_1.9.0/stm32cubeide/plugins/com.st.stm32cube.ide.mcu.externaltools.gnu-tools-for-stm32.10.3-2021.10.win32_1.0.100.202210260954/tools/bin/../lib/gcc/arm-none-eabi/10.3.1/../../../../arm-none-eabi/lib/thumb/v7e-m+fp/hard\libc_nano.a
LOAD c:/st/stm32cubeide_1.9.0/stm32cubeide/plugins/com.st.stm32cube.ide.mcu.externaltools.gnu-tools-for-stm32.10.3-2021.10.win32_1.0.100.202210260954/tools/bin/../lib/gcc/arm-none-eabi/10.3.1/../../../../arm-none-eabi/lib/thumb/v7e-m+fp/hard\libnosys.a
END GROUP
LOAD c:/st/stm32cubeide_1.9.0/stm32cubeide/plugins/com.st.stm32cube.ide.mcu.externaltools.gnu-tools-for-stm32.10.3-2021.10.win32_1.0.100.202210260954/tools/bin/../lib/gcc/arm-none-eabi/10.3.1/thumb/v7e-m+fp/hard/crtend.o
LOAD c:/st/stm32cubeide_1.9.0/stm32cubeide/plugins/com.st.stm32cube.ide.mcu.externaltools.gnu-tools-for-stm32.10.3-2021.10.win32_1.0.100.202210260954/tools/bin/../lib/gcc/arm-none-eabi/10.3.1/thumb/v7e-m+fp/hard/crtn.o
                0x0000000020028000                _estack = (ORIGIN (RAM) + LENGTH (RAM))
                0x0000000000000200                _Min_Heap_Size = 0x200
                0x0000000000000400                _Min_Stack_Size = 0x400

.isr_vector     0x0000000008000000      0x194
                0x0000000008000000                . = ALIGN (0x4)
 *(.isr_vector)
 .isr_vector    0x0000000008000000      0x194 ./Core/Startup/startup_stm32l452retx.o
                0x0000000008000000                g_pfnVectors
                0x0000000008000194                . = ALIGN (0x4)

.text           0x0000000008000194     0x47cc
                0x0000000008000194                . = ALIGN (0x4)
 *(.text)
 .text          0x0000000008000194       0x40 c:/st/stm32cubeide_1.9.0/stm32cubeide/plugins/com.st.stm32cube.ide.mcu.externaltools.gnu-tools-for-stm32.10.3-2021.10.win32_1.0.100.202210260954/tools/bin/../lib/gcc/arm-none-eabi/10.3.1/thumb/v7e-m+fp/hard/crtbegin.o
 .text          0x00000000080001d4       0x30 c:/st/stm32cubeide_1.9.0/stm32cubeide/plugins/com.st.stm32cube.ide.mcu.externaltools.gnu-tools-for-stm32.10.3-2021.10.win32_1.0.100.202210260954/tools/bin/../lib/gcc/arm-none-eabi/10.3.1/thumb/v7e-m+fp/hard\libgcc.a(_aeabi_uldivmod.o)
                0x00000000080001d4                __aeabi_uldivmod
 .text          0x0000000008000204      0x2d0 c:/st/stm32cubeide_1.9.0/stm32cubeide/plugins/com.st.stm32cube.ide.mcu.externaltools.gnu-tools-for-stm32.10.3-2021.10.win32_1.0.100.202210260954/tools/bin/../lib/gcc/arm-none-eabi/10.3.1/thumb/v7e-m+fp/hard\libgcc.a(_udivmoddi4.o)
                0x0000000008000204                __udivmoddi4
 .text          0x00000000080004d4        0x4 c:/st/stm32cubeide_1.9.0/stm32cubeide/plugins/com.st.stm32cube.ide.mcu.externaltools.gnu-tools-for-stm32.10.3-2021.10.win32_1.0.100.202210260954/tools/bin/../lib/gcc/arm-none-eabi/10.3.1/thumb/v7e-m+fp/hard\libgcc.a(_dvmd_tls.o)
                0x00000000080004d4                __aeabi_idiv0
                0x00000000080004d4                __aeabi_ldiv0
 *(.text*)
 .text.CAN_Boot
                0x00000000080004d8       0x54 ./Core/Src/can.o
                0x00000000080004d8                CAN_Boot
 .text.CAN_Transmit_Message
                0x000000000800052c       0x74 ./Core/Src/can.o
                0x000000000800052c                CAN_Transmit_Message
 .text.CAN_Message_Received
                0x00000000080005a0       0x88 ./Core/Src/can.o
                0x00000000080005a0                CAN_Message_Received
 .text.main     0x0000000008000628       0x80 ./Core/Src/main.o
                0x0000000008000628                main
 .text.SystemClock_Config
                0x00000000080006a8       0xa8 ./Core/Src/main.o
                0x00000000080006a8                SystemClock_Config
 .text.MX_CAN1_Init
                0x0000000008000750       0x74 ./Core/Src/main.o
 .text.MX_RTC_Init
                0x00000000080007c4       0x50 ./Core/Src/main.o
 .text.MX_SPI1_Init
                0x0000000008000814       0x7c ./Core/Src/main.o
 .text.MX_SPI2_Init
                0x0000000008000890       0x7c ./Core/Src/main.o
 .text.MX_SPI3_Init
                0x000000000800090c       0x7c ./Core/Src/main.o
 .text.MX_UART4_Init
                0x0000000008000988       0x60 ./Core/Src/main.o
 .text.MX_GPIO_Init
                0x00000000080009e8      0x150 ./Core/Src/main.o
 .text.HAL_CAN_RxFifo0MsgPendingCallback
                0x0000000008000b38       0x14 ./Core/Src/main.o
                0x0000000008000b38                HAL_CAN_RxFifo0MsgPendingCallback
 .text.HAL_TIM_PeriodElapsedCallback
                0x0000000008000b4c       0x24 ./Core/Src/main.o
                0x0000000008000b4c                HAL_TIM_PeriodElapsedCallback
 .text.Error_Handler
                0x0000000008000b70        0xa ./Core/Src/main.o
                0x0000000008000b70                Error_Handler
 *fill*         0x0000000008000b7a        0x2 
 .text.HAL_MspInit
                0x0000000008000b7c       0x48 ./Core/Src/stm32l4xx_hal_msp.o
                0x0000000008000b7c                HAL_MspInit
 .text.HAL_CAN_MspInit
                0x0000000008000bc4       0x98 ./Core/Src/stm32l4xx_hal_msp.o
                0x0000000008000bc4                HAL_CAN_MspInit
 .text.HAL_RTC_MspInit
                0x0000000008000c5c       0x60 ./Core/Src/stm32l4xx_hal_msp.o
                0x0000000008000c5c                HAL_RTC_MspInit
 .text.HAL_SPI_MspInit
                0x0000000008000cbc      0x150 ./Core/Src/stm32l4xx_hal_msp.o
                0x0000000008000cbc                HAL_SPI_MspInit
 .text.HAL_UART_MspInit
                0x0000000008000e0c       0xb8 ./Core/Src/stm32l4xx_hal_msp.o
                0x0000000008000e0c                HAL_UART_MspInit
 .text.HAL_InitTick
                0x0000000008000ec4       0xf4 ./Core/Src/stm32l4xx_hal_timebase_tim.o
                0x0000000008000ec4                HAL_InitTick
 .text.NMI_Handler
                0x0000000008000fb8        0x6 ./Core/Src/stm32l4xx_it.o
                0x0000000008000fb8                NMI_Handler
 .text.HardFault_Handler
                0x0000000008000fbe        0x6 ./Core/Src/stm32l4xx_it.o
                0x0000000008000fbe                HardFault_Handler
 .text.MemManage_Handler
                0x0000000008000fc4        0x6 ./Core/Src/stm32l4xx_it.o
                0x0000000008000fc4                MemManage_Handler
 .text.BusFault_Handler
                0x0000000008000fca        0x6 ./Core/Src/stm32l4xx_it.o
                0x0000000008000fca                BusFault_Handler
 .text.UsageFault_Handler
                0x0000000008000fd0        0x6 ./Core/Src/stm32l4xx_it.o
                0x0000000008000fd0                UsageFault_Handler
 .text.SVC_Handler
                0x0000000008000fd6        0xe ./Core/Src/stm32l4xx_it.o
                0x0000000008000fd6                SVC_Handler
 .text.DebugMon_Handler
                0x0000000008000fe4        0xe ./Core/Src/stm32l4xx_it.o
                0x0000000008000fe4                DebugMon_Handler
 .text.PendSV_Handler
                0x0000000008000ff2        0xe ./Core/Src/stm32l4xx_it.o
                0x0000000008000ff2                PendSV_Handler
 .text.SysTick_Handler
                0x0000000008001000        0xe ./Core/Src/stm32l4xx_it.o
                0x0000000008001000                SysTick_Handler
 *fill*         0x000000000800100e        0x2 
 .text.CAN1_RX0_IRQHandler
                0x0000000008001010       0x14 ./Core/Src/stm32l4xx_it.o
                0x0000000008001010                CAN1_RX0_IRQHandler
 .text.TIM6_DAC_IRQHandler
                0x0000000008001024       0x14 ./Core/Src/stm32l4xx_it.o
                0x0000000008001024                TIM6_DAC_IRQHandler
 .text.SystemInit
                0x0000000008001038       0x24 ./Core/Src/system_stm32l4xx.o
                0x0000000008001038                SystemInit
 .text.Reset_Handler
                0x000000000800105c       0x50 ./Core/Startup/startup_stm32l452retx.o
                0x000000000800105c                Reset_Handler
 .text.Default_Handler
                0x00000000080010ac        0x2 ./Core/Startup/startup_stm32l452retx.o
                0x00000000080010ac                RTC_Alarm_IRQHandler
                0x00000000080010ac                EXTI2_IRQHandler
                0x00000000080010ac                TIM1_CC_IRQHandler
                0x00000000080010ac                TSC_IRQHandler
                0x00000000080010ac                TAMP_STAMP_IRQHandler
                0x00000000080010ac                EXTI3_IRQHandler
                0x00000000080010ac                LPTIM2_IRQHandler
                0x00000000080010ac                DFSDM1_FLT1_IRQHandler
                0x00000000080010ac                I2C3_ER_IRQHandler
                0x00000000080010ac                EXTI0_IRQHandler
                0x00000000080010ac                I2C2_EV_IRQHandler
                0x00000000080010ac                FPU_IRQHandler
                0x00000000080010ac                TIM1_UP_TIM16_IRQHandler
                0x00000000080010ac                SPI1_IRQHandler
                0x00000000080010ac                DMA2_Channel2_IRQHandler
                0x00000000080010ac                DMA1_Channel4_IRQHandler
                0x00000000080010ac                ADC1_IRQHandler
                0x00000000080010ac                USART3_IRQHandler
                0x00000000080010ac                DMA1_Channel7_IRQHandler
                0x00000000080010ac                CAN1_RX1_IRQHandler
                0x00000000080010ac                DMA2_Channel1_IRQHandler
                0x00000000080010ac                QUADSPI_IRQHandler
                0x00000000080010ac                I2C1_EV_IRQHandler
                0x00000000080010ac                DMA1_Channel6_IRQHandler
                0x00000000080010ac                UART4_IRQHandler
                0x00000000080010ac                DMA2_Channel4_IRQHandler
                0x00000000080010ac                TIM3_IRQHandler
                0x00000000080010ac                RCC_IRQHandler
                0x00000000080010ac                TIM1_TRG_COM_IRQHandler
                0x00000000080010ac                DMA1_Channel1_IRQHandler
                0x00000000080010ac                Default_Handler
                0x00000000080010ac                DMA2_Channel7_IRQHandler
                0x00000000080010ac                EXTI15_10_IRQHandler
                0x00000000080010ac                SDMMC1_IRQHandler
                0x00000000080010ac                I2C3_EV_IRQHandler
                0x00000000080010ac                USB_IRQHandler
                0x00000000080010ac                EXTI9_5_IRQHandler
                0x00000000080010ac                RTC_WKUP_IRQHandler
                0x00000000080010ac                PVD_PVM_IRQHandler
                0x00000000080010ac                SPI2_IRQHandler
                0x00000000080010ac                CAN1_TX_IRQHandler
                0x00000000080010ac                DMA2_Channel5_IRQHandler
                0x00000000080010ac                CRS_IRQHandler
                0x00000000080010ac                DMA1_Channel5_IRQHandler
                0x00000000080010ac                EXTI4_IRQHandler
                0x00000000080010ac                RNG_IRQHandler
                0x00000000080010ac                DMA1_Channel3_IRQHandler
                0x00000000080010ac                COMP_IRQHandler
                0x00000000080010ac                WWDG_IRQHandler
                0x00000000080010ac                I2C4_EV_IRQHandler
                0x00000000080010ac                LPUART1_IRQHandler
                0x00000000080010ac                DMA2_Channel6_IRQHandler
                0x00000000080010ac                TIM2_IRQHandler
                0x00000000080010ac                EXTI1_IRQHandler
                0x00000000080010ac                USART2_IRQHandler
                0x00000000080010ac                DFSDM1_FLT0_IRQHandler
                0x00000000080010ac                I2C2_ER_IRQHandler
                0x00000000080010ac                DMA1_Channel2_IRQHandler
                0x00000000080010ac                CAN1_SCE_IRQHandler
                0x00000000080010ac                FLASH_IRQHandler
                0x00000000080010ac                USART1_IRQHandler
                0x00000000080010ac                SPI3_IRQHandler
                0x00000000080010ac                I2C1_ER_IRQHandler
                0x00000000080010ac                LPTIM1_IRQHandler
                0x00000000080010ac                I2C4_ER_IRQHandler
                0x00000000080010ac                SAI1_IRQHandler
                0x00000000080010ac                DMA2_Channel3_IRQHandler
                0x00000000080010ac                TIM1_BRK_TIM15_IRQHandler
 .text.HAL_Init
                0x00000000080010ae       0x30 ./Drivers/STM32L4xx_HAL_Driver/Src/stm32l4xx_hal.o
                0x00000000080010ae                HAL_Init
 *fill*         0x00000000080010de        0x2 
 .text.HAL_IncTick
                0x00000000080010e0       0x28 ./Drivers/STM32L4xx_HAL_Driver/Src/stm32l4xx_hal.o
                0x00000000080010e0                HAL_IncTick
 .text.HAL_GetTick
                0x0000000008001108       0x18 ./Drivers/STM32L4xx_HAL_Driver/Src/stm32l4xx_hal.o
                0x0000000008001108                HAL_GetTick
 .text.HAL_Delay
                0x0000000008001120       0x48 ./Drivers/STM32L4xx_HAL_Driver/Src/stm32l4xx_hal.o
                0x0000000008001120                HAL_Delay
 .text.HAL_CAN_Init
                0x0000000008001168      0x1f6 ./Drivers/STM32L4xx_HAL_Driver/Src/stm32l4xx_hal_can.o
                0x0000000008001168                HAL_CAN_Init
 .text.HAL_CAN_ConfigFilter
                0x000000000800135e      0x194 ./Drivers/STM32L4xx_HAL_Driver/Src/stm32l4xx_hal_can.o
                0x000000000800135e                HAL_CAN_ConfigFilter
 .text.HAL_CAN_Start
                0x00000000080014f2       0x88 ./Drivers/STM32L4xx_HAL_Driver/Src/stm32l4xx_hal_can.o
                0x00000000080014f2                HAL_CAN_Start
 .text.HAL_CAN_AddTxMessage
                0x000000000800157a      0x1a0 ./Drivers/STM32L4xx_HAL_Driver/Src/stm32l4xx_hal_can.o
                0x000000000800157a                HAL_CAN_AddTxMessage
 .text.HAL_CAN_GetRxMessage
                0x000000000800171a      0x224 ./Drivers/STM32L4xx_HAL_Driver/Src/stm32l4xx_hal_can.o
                0x000000000800171a                HAL_CAN_GetRxMessage
 .text.HAL_CAN_ActivateNotification
                0x000000000800193e       0x4c ./Drivers/STM32L4xx_HAL_Driver/Src/stm32l4xx_hal_can.o
                0x000000000800193e                HAL_CAN_ActivateNotification
 .text.HAL_CAN_IRQHandler
                0x000000000800198a      0x36e ./Drivers/STM32L4xx_HAL_Driver/Src/stm32l4xx_hal_can.o
                0x000000000800198a                HAL_CAN_IRQHandler
 .text.HAL_CAN_TxMailbox0CompleteCallback
                0x0000000008001cf8       0x14 ./Drivers/STM32L4xx_HAL_Driver/Src/stm32l4xx_hal_can.o
                0x0000000008001cf8                HAL_CAN_TxMailbox0CompleteCallback
 .text.HAL_CAN_TxMailbox1CompleteCallback
                0x0000000008001d0c       0x14 ./Drivers/STM32L4xx_HAL_Driver/Src/stm32l4xx_hal_can.o
                0x0000000008001d0c                HAL_CAN_TxMailbox1CompleteCallback
 .text.HAL_CAN_TxMailbox2CompleteCallback
                0x0000000008001d20       0x14 ./Drivers/STM32L4xx_HAL_Driver/Src/stm32l4xx_hal_can.o
                0x0000000008001d20                HAL_CAN_TxMailbox2CompleteCallback
 .text.HAL_CAN_TxMailbox0AbortCallback
                0x0000000008001d34       0x14 ./Drivers/STM32L4xx_HAL_Driver/Src/stm32l4xx_hal_can.o
                0x0000000008001d34                HAL_CAN_TxMailbox0AbortCallback
 .text.HAL_CAN_TxMailbox1AbortCallback
                0x0000000008001d48       0x14 ./Drivers/STM32L4xx_HAL_Driver/Src/stm32l4xx_hal_can.o
                0x0000000008001d48                HAL_CAN_TxMailbox1AbortCallback
 .text.HAL_CAN_TxMailbox2AbortCallback
                0x0000000008001d5c       0x14 ./Drivers/STM32L4xx_HAL_Driver/Src/stm32l4xx_hal_can.o
                0x0000000008001d5c                HAL_CAN_TxMailbox2AbortCallback
 .text.HAL_CAN_RxFifo0FullCallback
                0x0000000008001d70       0x14 ./Drivers/STM32L4xx_HAL_Driver/Src/stm32l4xx_hal_can.o
                0x0000000008001d70                HAL_CAN_RxFifo0FullCallback
 .text.HAL_CAN_RxFifo1MsgPendingCallback
                0x0000000008001d84       0x14 ./Drivers/STM32L4xx_HAL_Driver/Src/stm32l4xx_hal_can.o
                0x0000000008001d84                HAL_CAN_RxFifo1MsgPendingCallback
 .text.HAL_CAN_RxFifo1FullCallback
                0x0000000008001d98       0x14 ./Drivers/STM32L4xx_HAL_Driver/Src/stm32l4xx_hal_can.o
                0x0000000008001d98                HAL_CAN_RxFifo1FullCallback
 .text.HAL_CAN_SleepCallback
                0x0000000008001dac       0x14 ./Drivers/STM32L4xx_HAL_Driver/Src/stm32l4xx_hal_can.o
                0x0000000008001dac                HAL_CAN_SleepCallback
 .text.HAL_CAN_WakeUpFromRxMsgCallback
                0x0000000008001dc0       0x14 ./Drivers/STM32L4xx_HAL_Driver/Src/stm32l4xx_hal_can.o
                0x0000000008001dc0                HAL_CAN_WakeUpFromRxMsgCallback
 .text.HAL_CAN_ErrorCallback
                0x0000000008001dd4       0x14 ./Drivers/STM32L4xx_HAL_Driver/Src/stm32l4xx_hal_can.o
                0x0000000008001dd4                HAL_CAN_ErrorCallback
 .text.__NVIC_SetPriorityGrouping
                0x0000000008001de8       0x48 ./Drivers/STM32L4xx_HAL_Driver/Src/stm32l4xx_hal_cortex.o
 .text.__NVIC_GetPriorityGrouping
                0x0000000008001e30       0x1c ./Drivers/STM32L4xx_HAL_Driver/Src/stm32l4xx_hal_cortex.o
 .text.__NVIC_EnableIRQ
                0x0000000008001e4c       0x3c ./Drivers/STM32L4xx_HAL_Driver/Src/stm32l4xx_hal_cortex.o
 .text.__NVIC_SetPriority
                0x0000000008001e88       0x54 ./Drivers/STM32L4xx_HAL_Driver/Src/stm32l4xx_hal_cortex.o
 .text.NVIC_EncodePriority
                0x0000000008001edc       0x66 ./Drivers/STM32L4xx_HAL_Driver/Src/stm32l4xx_hal_cortex.o
 .text.HAL_NVIC_SetPriorityGrouping
                0x0000000008001f42       0x16 ./Drivers/STM32L4xx_HAL_Driver/Src/stm32l4xx_hal_cortex.o
                0x0000000008001f42                HAL_NVIC_SetPriorityGrouping
 .text.HAL_NVIC_SetPriority
                0x0000000008001f58       0x38 ./Drivers/STM32L4xx_HAL_Driver/Src/stm32l4xx_hal_cortex.o
                0x0000000008001f58                HAL_NVIC_SetPriority
 .text.HAL_NVIC_EnableIRQ
                0x0000000008001f90       0x1c ./Drivers/STM32L4xx_HAL_Driver/Src/stm32l4xx_hal_cortex.o
                0x0000000008001f90                HAL_NVIC_EnableIRQ
 .text.HAL_GPIO_Init
                0x0000000008001fac      0x2f4 ./Drivers/STM32L4xx_HAL_Driver/Src/stm32l4xx_hal_gpio.o
                0x0000000008001fac                HAL_GPIO_Init
 .text.HAL_GPIO_WritePin
                0x00000000080022a0       0x30 ./Drivers/STM32L4xx_HAL_Driver/Src/stm32l4xx_hal_gpio.o
                0x00000000080022a0                HAL_GPIO_WritePin
 .text.HAL_GPIO_TogglePin
                0x00000000080022d0       0x34 ./Drivers/STM32L4xx_HAL_Driver/Src/stm32l4xx_hal_gpio.o
                0x00000000080022d0                HAL_GPIO_TogglePin
 .text.HAL_PWREx_GetVoltageRange
                0x0000000008002304       0x1c ./Drivers/STM32L4xx_HAL_Driver/Src/stm32l4xx_hal_pwr_ex.o
                0x0000000008002304                HAL_PWREx_GetVoltageRange
 .text.HAL_PWREx_ControlVoltageScaling
                0x0000000008002320       0xac ./Drivers/STM32L4xx_HAL_Driver/Src/stm32l4xx_hal_pwr_ex.o
                0x0000000008002320                HAL_PWREx_ControlVoltageScaling
 .text.HAL_RCC_OscConfig
                0x00000000080023cc      0x828 ./Drivers/STM32L4xx_HAL_Driver/Src/stm32l4xx_hal_rcc.o
                0x00000000080023cc                HAL_RCC_OscConfig
 .text.HAL_RCC_ClockConfig
                0x0000000008002bf4      0x200 ./Drivers/STM32L4xx_HAL_Driver/Src/stm32l4xx_hal_rcc.o
                0x0000000008002bf4                HAL_RCC_ClockConfig
 .text.HAL_RCC_GetSysClockFreq
                0x0000000008002df4      0x118 ./Drivers/STM32L4xx_HAL_Driver/Src/stm32l4xx_hal_rcc.o
                0x0000000008002df4                HAL_RCC_GetSysClockFreq
 .text.HAL_RCC_GetHCLKFreq
                0x0000000008002f0c       0x18 ./Drivers/STM32L4xx_HAL_Driver/Src/stm32l4xx_hal_rcc.o
                0x0000000008002f0c                HAL_RCC_GetHCLKFreq
 .text.HAL_RCC_GetPCLK1Freq
                0x0000000008002f24       0x2c ./Drivers/STM32L4xx_HAL_Driver/Src/stm32l4xx_hal_rcc.o
                0x0000000008002f24                HAL_RCC_GetPCLK1Freq
 .text.HAL_RCC_GetPCLK2Freq
                0x0000000008002f50       0x2c ./Drivers/STM32L4xx_HAL_Driver/Src/stm32l4xx_hal_rcc.o
                0x0000000008002f50                HAL_RCC_GetPCLK2Freq
 .text.HAL_RCC_GetClockConfig
                0x0000000008002f7c       0x64 ./Drivers/STM32L4xx_HAL_Driver/Src/stm32l4xx_hal_rcc.o
                0x0000000008002f7c                HAL_RCC_GetClockConfig
 .text.RCC_SetFlashLatencyFromMSIRange
                0x0000000008002fe0       0xc0 ./Drivers/STM32L4xx_HAL_Driver/Src/stm32l4xx_hal_rcc.o
 .text.HAL_RCCEx_PeriphCLKConfig
                0x00000000080030a0      0x4d8 ./Drivers/STM32L4xx_HAL_Driver/Src/stm32l4xx_hal_rcc_ex.o
                0x00000000080030a0                HAL_RCCEx_PeriphCLKConfig
 .text.RCCEx_PLLSAI1_Config
                0x0000000008003578      0x1e4 ./Drivers/STM32L4xx_HAL_Driver/Src/stm32l4xx_hal_rcc_ex.o
 .text.HAL_RTC_Init
                0x000000000800375c       0xf6 ./Drivers/STM32L4xx_HAL_Driver/Src/stm32l4xx_hal_rtc.o
                0x000000000800375c                HAL_RTC_Init
 .text.HAL_RTC_WaitForSynchro
                0x0000000008003852       0x4c ./Drivers/STM32L4xx_HAL_Driver/Src/stm32l4xx_hal_rtc.o
                0x0000000008003852                HAL_RTC_WaitForSynchro
 .text.RTC_EnterInitMode
                0x000000000800389e       0x66 ./Drivers/STM32L4xx_HAL_Driver/Src/stm32l4xx_hal_rtc.o
                0x000000000800389e                RTC_EnterInitMode
 .text.RTC_ExitInitMode
                0x0000000008003904       0x7c ./Drivers/STM32L4xx_HAL_Driver/Src/stm32l4xx_hal_rtc.o
                0x0000000008003904                RTC_ExitInitMode
 .text.HAL_SPI_Init
                0x0000000008003980      0x146 ./Drivers/STM32L4xx_HAL_Driver/Src/stm32l4xx_hal_spi.o
                0x0000000008003980                HAL_SPI_Init
 .text.HAL_TIM_Base_Init
                0x0000000008003ac6       0xae ./Drivers/STM32L4xx_HAL_Driver/Src/stm32l4xx_hal_tim.o
                0x0000000008003ac6                HAL_TIM_Base_Init
 .text.HAL_TIM_Base_MspInit
                0x0000000008003b74       0x14 ./Drivers/STM32L4xx_HAL_Driver/Src/stm32l4xx_hal_tim.o
                0x0000000008003b74                HAL_TIM_Base_MspInit
 .text.HAL_TIM_Base_Start_IT
                0x0000000008003b88       0xb8 ./Drivers/STM32L4xx_HAL_Driver/Src/stm32l4xx_hal_tim.o
                0x0000000008003b88                HAL_TIM_Base_Start_IT
 .text.HAL_TIM_IRQHandler
                0x0000000008003c40      0x23e ./Drivers/STM32L4xx_HAL_Driver/Src/stm32l4xx_hal_tim.o
                0x0000000008003c40                HAL_TIM_IRQHandler
 .text.HAL_TIM_OC_DelayElapsedCallback
                0x0000000008003e7e       0x14 ./Drivers/STM32L4xx_HAL_Driver/Src/stm32l4xx_hal_tim.o
                0x0000000008003e7e                HAL_TIM_OC_DelayElapsedCallback
 .text.HAL_TIM_IC_CaptureCallback
                0x0000000008003e92       0x14 ./Drivers/STM32L4xx_HAL_Driver/Src/stm32l4xx_hal_tim.o
                0x0000000008003e92                HAL_TIM_IC_CaptureCallback
 .text.HAL_TIM_PWM_PulseFinishedCallback
                0x0000000008003ea6       0x14 ./Drivers/STM32L4xx_HAL_Driver/Src/stm32l4xx_hal_tim.o
                0x0000000008003ea6                HAL_TIM_PWM_PulseFinishedCallback
 .text.HAL_TIM_TriggerCallback
                0x0000000008003eba       0x14 ./Drivers/STM32L4xx_HAL_Driver/Src/stm32l4xx_hal_tim.o
                0x0000000008003eba                HAL_TIM_TriggerCallback
 *fill*         0x0000000008003ece        0x2 
 .text.TIM_Base_SetConfig
                0x0000000008003ed0       0xdc ./Drivers/STM32L4xx_HAL_Driver/Src/stm32l4xx_hal_tim.o
                0x0000000008003ed0                TIM_Base_SetConfig
 .text.HAL_TIMEx_CommutCallback
                0x0000000008003fac       0x14 ./Drivers/STM32L4xx_HAL_Driver/Src/stm32l4xx_hal_tim_ex.o
                0x0000000008003fac                HAL_TIMEx_CommutCallback
 .text.HAL_TIMEx_BreakCallback
                0x0000000008003fc0       0x14 ./Drivers/STM32L4xx_HAL_Driver/Src/stm32l4xx_hal_tim_ex.o
                0x0000000008003fc0                HAL_TIMEx_BreakCallback
 .text.HAL_TIMEx_Break2Callback
                0x0000000008003fd4       0x14 ./Drivers/STM32L4xx_HAL_Driver/Src/stm32l4xx_hal_tim_ex.o
                0x0000000008003fd4                HAL_TIMEx_Break2Callback
 .text.HAL_UART_Init
                0x0000000008003fe8       0x9c ./Drivers/STM32L4xx_HAL_Driver/Src/stm32l4xx_hal_uart.o
                0x0000000008003fe8                HAL_UART_Init
 .text.UART_SetConfig
                0x0000000008004084      0x50c ./Drivers/STM32L4xx_HAL_Driver/Src/stm32l4xx_hal_uart.o
                0x0000000008004084                UART_SetConfig
 .text.UART_AdvFeatureConfig
                0x0000000008004590      0x144 ./Drivers/STM32L4xx_HAL_Driver/Src/stm32l4xx_hal_uart.o
                0x0000000008004590                UART_AdvFeatureConfig
 .text.UART_CheckIdleState
                0x00000000080046d4       0x92 ./Drivers/STM32L4xx_HAL_Driver/Src/stm32l4xx_hal_uart.o
                0x00000000080046d4                UART_CheckIdleState
 .text.UART_WaitOnFlagUntilTimeout
                0x0000000008004766      0x188 ./Drivers/STM32L4xx_HAL_Driver/Src/stm32l4xx_hal_uart.o
                0x0000000008004766                UART_WaitOnFlagUntilTimeout
 *fill*         0x00000000080048ee        0x2 
 .text.__libc_init_array
                0x00000000080048f0       0x48 c:/st/stm32cubeide_1.9.0/stm32cubeide/plugins/com.st.stm32cube.ide.mcu.externaltools.gnu-tools-for-stm32.10.3-2021.10.win32_1.0.100.202210260954/tools/bin/../lib/gcc/arm-none-eabi/10.3.1/../../../../arm-none-eabi/lib/thumb/v7e-m+fp/hard\libc_nano.a(lib_a-init.o)
                0x00000000080048f0                __libc_init_array
 .text.memset   0x0000000008004938       0x10 c:/st/stm32cubeide_1.9.0/stm32cubeide/plugins/com.st.stm32cube.ide.mcu.externaltools.gnu-tools-for-stm32.10.3-2021.10.win32_1.0.100.202210260954/tools/bin/../lib/gcc/arm-none-eabi/10.3.1/../../../../arm-none-eabi/lib/thumb/v7e-m+fp/hard\libc_nano.a(lib_a-memset.o)
                0x0000000008004938                memset
 *(.glue_7)
 .glue_7        0x0000000008004948        0x0 linker stubs
 *(.glue_7t)
 .glue_7t       0x0000000008004948        0x0 linker stubs
 *(.eh_frame)
 .eh_frame      0x0000000008004948        0x0 c:/st/stm32cubeide_1.9.0/stm32cubeide/plugins/com.st.stm32cube.ide.mcu.externaltools.gnu-tools-for-stm32.10.3-2021.10.win32_1.0.100.202210260954/tools/bin/../lib/gcc/arm-none-eabi/10.3.1/thumb/v7e-m+fp/hard/crtbegin.o
 *(.init)
 .init          0x0000000008004948        0x4 c:/st/stm32cubeide_1.9.0/stm32cubeide/plugins/com.st.stm32cube.ide.mcu.externaltools.gnu-tools-for-stm32.10.3-2021.10.win32_1.0.100.202210260954/tools/bin/../lib/gcc/arm-none-eabi/10.3.1/thumb/v7e-m+fp/hard/crti.o
                0x0000000008004948                _init
 .init          0x000000000800494c        0x8 c:/st/stm32cubeide_1.9.0/stm32cubeide/plugins/com.st.stm32cube.ide.mcu.externaltools.gnu-tools-for-stm32.10.3-2021.10.win32_1.0.100.202210260954/tools/bin/../lib/gcc/arm-none-eabi/10.3.1/thumb/v7e-m+fp/hard/crtn.o
 *(.fini)
 .fini          0x0000000008004954        0x4 c:/st/stm32cubeide_1.9.0/stm32cubeide/plugins/com.st.stm32cube.ide.mcu.externaltools.gnu-tools-for-stm32.10.3-2021.10.win32_1.0.100.202210260954/tools/bin/../lib/gcc/arm-none-eabi/10.3.1/thumb/v7e-m+fp/hard/crti.o
                0x0000000008004954                _fini
 .fini          0x0000000008004958        0x8 c:/st/stm32cubeide_1.9.0/stm32cubeide/plugins/com.st.stm32cube.ide.mcu.externaltools.gnu-tools-for-stm32.10.3-2021.10.win32_1.0.100.202210260954/tools/bin/../lib/gcc/arm-none-eabi/10.3.1/thumb/v7e-m+fp/hard/crtn.o
                0x0000000008004960                . = ALIGN (0x4)
                0x0000000008004960                _etext = .

.vfp11_veneer   0x0000000008004960        0x0
 .vfp11_veneer  0x0000000008004960        0x0 linker stubs

.v4_bx          0x0000000008004960        0x0
 .v4_bx         0x0000000008004960        0x0 linker stubs

.iplt           0x0000000008004960        0x0
 .iplt          0x0000000008004960        0x0 c:/st/stm32cubeide_1.9.0/stm32cubeide/plugins/com.st.stm32cube.ide.mcu.externaltools.gnu-tools-for-stm32.10.3-2021.10.win32_1.0.100.202210260954/tools/bin/../lib/gcc/arm-none-eabi/10.3.1/thumb/v7e-m+fp/hard/crtbegin.o

.rodata         0x0000000008004960       0x48
                0x0000000008004960                . = ALIGN (0x4)
 *(.rodata)
 *(.rodata*)
 .rodata.AHBPrescTable
                0x0000000008004960       0x10 ./Core/Src/system_stm32l4xx.o
                0x0000000008004960                AHBPrescTable
 .rodata.APBPrescTable
                0x0000000008004970        0x8 ./Core/Src/system_stm32l4xx.o
                0x0000000008004970                APBPrescTable
 .rodata.MSIRangeTable
                0x0000000008004978       0x30 ./Core/Src/system_stm32l4xx.o
                0x0000000008004978                MSIRangeTable
                0x00000000080049a8                . = ALIGN (0x4)

.ARM.extab      0x00000000080049a8        0x0
                0x00000000080049a8                . = ALIGN (0x4)
 *(.ARM.extab* .gnu.linkonce.armextab.*)
                0x00000000080049a8                . = ALIGN (0x4)

.ARM            0x00000000080049a8        0x8
                0x00000000080049a8                . = ALIGN (0x4)
                0x00000000080049a8                __exidx_start = .
 *(.ARM.exidx*)
 .ARM.exidx     0x00000000080049a8        0x8 c:/st/stm32cubeide_1.9.0/stm32cubeide/plugins/com.st.stm32cube.ide.mcu.externaltools.gnu-tools-for-stm32.10.3-2021.10.win32_1.0.100.202210260954/tools/bin/../lib/gcc/arm-none-eabi/10.3.1/thumb/v7e-m+fp/hard\libgcc.a(_udivmoddi4.o)
                0x00000000080049b0                __exidx_end = .
                0x00000000080049b0                . = ALIGN (0x4)

.rel.dyn        0x00000000080049b0        0x0
 .rel.iplt      0x00000000080049b0        0x0 c:/st/stm32cubeide_1.9.0/stm32cubeide/plugins/com.st.stm32cube.ide.mcu.externaltools.gnu-tools-for-stm32.10.3-2021.10.win32_1.0.100.202210260954/tools/bin/../lib/gcc/arm-none-eabi/10.3.1/thumb/v7e-m+fp/hard/crtbegin.o

.preinit_array  0x00000000080049b0        0x0
                0x00000000080049b0                . = ALIGN (0x4)
                0x00000000080049b0                PROVIDE (__preinit_array_start = .)
 *(.preinit_array*)
                0x00000000080049b0                PROVIDE (__preinit_array_end = .)
                0x00000000080049b0                . = ALIGN (0x4)

.init_array     0x00000000080049b0        0x4
                0x00000000080049b0                . = ALIGN (0x4)
                0x00000000080049b0                PROVIDE (__init_array_start = .)
 *(SORT_BY_NAME(.init_array.*))
 *(.init_array*)
 .init_array    0x00000000080049b0        0x4 c:/st/stm32cubeide_1.9.0/stm32cubeide/plugins/com.st.stm32cube.ide.mcu.externaltools.gnu-tools-for-stm32.10.3-2021.10.win32_1.0.100.202210260954/tools/bin/../lib/gcc/arm-none-eabi/10.3.1/thumb/v7e-m+fp/hard/crtbegin.o
                0x00000000080049b4                PROVIDE (__init_array_end = .)
                0x00000000080049b4                . = ALIGN (0x4)

.fini_array     0x00000000080049b4        0x4
                0x00000000080049b4                . = ALIGN (0x4)
                [!provide]                        PROVIDE (__fini_array_start = .)
 *(SORT_BY_NAME(.fini_array.*))
 *(.fini_array*)
 .fini_array    0x00000000080049b4        0x4 c:/st/stm32cubeide_1.9.0/stm32cubeide/plugins/com.st.stm32cube.ide.mcu.externaltools.gnu-tools-for-stm32.10.3-2021.10.win32_1.0.100.202210260954/tools/bin/../lib/gcc/arm-none-eabi/10.3.1/thumb/v7e-m+fp/hard/crtbegin.o
                [!provide]                        PROVIDE (__fini_array_end = .)
                0x00000000080049b8                . = ALIGN (0x4)
                0x00000000080049b8                _sidata = LOADADDR (.data)

.data           0x0000000020000000        0xc load address 0x00000000080049b8
                0x0000000020000000                . = ALIGN (0x4)
                0x0000000020000000                _sdata = .
 *(.data)
 *(.data*)
 .data.SystemCoreClock
                0x0000000020000000        0x4 ./Core/Src/system_stm32l4xx.o
                0x0000000020000000                SystemCoreClock
 .data.uwTickPrio
                0x0000000020000004        0x4 ./Drivers/STM32L4xx_HAL_Driver/Src/stm32l4xx_hal.o
                0x0000000020000004                uwTickPrio
 .data.uwTickFreq
                0x0000000020000008        0x1 ./Drivers/STM32L4xx_HAL_Driver/Src/stm32l4xx_hal.o
                0x0000000020000008                uwTickFreq
 *(.RamFunc)
 *(.RamFunc*)
                0x000000002000000c                . = ALIGN (0x4)
 *fill*         0x0000000020000009        0x3 
                0x000000002000000c                _edata = .

.igot.plt       0x000000002000000c        0x0 load address 0x00000000080049c4
 .igot.plt      0x000000002000000c        0x0 c:/st/stm32cubeide_1.9.0/stm32cubeide/plugins/com.st.stm32cube.ide.mcu.externaltools.gnu-tools-for-stm32.10.3-2021.10.win32_1.0.100.202210260954/tools/bin/../lib/gcc/arm-none-eabi/10.3.1/thumb/v7e-m+fp/hard/crtbegin.o
                0x000000002000000c                . = ALIGN (0x4)

.bss            0x000000002000000c      0x274 load address 0x00000000080049c4
                0x000000002000000c                _sbss = .
                0x000000002000000c                __bss_start__ = _sbss
 *(.bss)
 .bss           0x000000002000000c       0x1c c:/st/stm32cubeide_1.9.0/stm32cubeide/plugins/com.st.stm32cube.ide.mcu.externaltools.gnu-tools-for-stm32.10.3-2021.10.win32_1.0.100.202210260954/tools/bin/../lib/gcc/arm-none-eabi/10.3.1/thumb/v7e-m+fp/hard/crtbegin.o
 *(.bss*)
 .bss.hcan1     0x0000000020000028       0x28 ./Core/Src/main.o
                0x0000000020000028                hcan1
 .bss.hrtc      0x0000000020000050       0x24 ./Core/Src/main.o
                0x0000000020000050                hrtc
 .bss.hspi1     0x0000000020000074       0x64 ./Core/Src/main.o
                0x0000000020000074                hspi1
 .bss.hspi2     0x00000000200000d8       0x64 ./Core/Src/main.o
                0x00000000200000d8                hspi2
 .bss.hspi3     0x000000002000013c       0x64 ./Core/Src/main.o
                0x000000002000013c                hspi3
 .bss.huart4    0x00000000200001a0       0x84 ./Core/Src/main.o
                0x00000000200001a0                huart4
 .bss.testMessage.0
                0x0000000020000224        0xa ./Core/Src/main.o
 *fill*         0x000000002000022e        0x2 
 .bss.htim6     0x0000000020000230       0x4c ./Core/Src/stm32l4xx_hal_timebase_tim.o
                0x0000000020000230                htim6
 .bss.uwTick    0x000000002000027c        0x4 ./Drivers/STM32L4xx_HAL_Driver/Src/stm32l4xx_hal.o
                0x000000002000027c                uwTick
 *(COMMON)
                0x0000000020000280                . = ALIGN (0x4)
                0x0000000020000280                _ebss = .
                0x0000000020000280                __bss_end__ = _ebss

._user_heap_stack
                0x0000000020000280      0x600 load address 0x00000000080049c4
                0x0000000020000280                . = ALIGN (0x8)
                [!provide]                        PROVIDE (end = .)
                0x0000000020000280                PROVIDE (_end = .)
                0x0000000020000480                . = (. + _Min_Heap_Size)
 *fill*         0x0000000020000280      0x200 
                0x0000000020000880                . = (. + _Min_Stack_Size)
 *fill*         0x0000000020000480      0x400 
                0x0000000020000880                . = ALIGN (0x8)

/DISCARD/
 libc.a(*)
 libm.a(*)
 libgcc.a(*)

.ARM.attributes
                0x0000000000000000       0x30
 *(.ARM.attributes)
 .ARM.attributes
                0x0000000000000000       0x1e c:/st/stm32cubeide_1.9.0/stm32cubeide/plugins/com.st.stm32cube.ide.mcu.externaltools.gnu-tools-for-stm32.10.3-2021.10.win32_1.0.100.202210260954/tools/bin/../lib/gcc/arm-none-eabi/10.3.1/thumb/v7e-m+fp/hard/crti.o
 .ARM.attributes
                0x000000000000001e       0x34 c:/st/stm32cubeide_1.9.0/stm32cubeide/plugins/com.st.stm32cube.ide.mcu.externaltools.gnu-tools-for-stm32.10.3-2021.10.win32_1.0.100.202210260954/tools/bin/../lib/gcc/arm-none-eabi/10.3.1/thumb/v7e-m+fp/hard/crtbegin.o
 .ARM.attributes
                0x0000000000000052       0x34 ./Core/Src/can.o
 .ARM.attributes
                0x0000000000000086       0x34 ./Core/Src/main.o
 .ARM.attributes
                0x00000000000000ba       0x34 ./Core/Src/stm32l4xx_hal_msp.o
 .ARM.attributes
                0x00000000000000ee       0x34 ./Core/Src/stm32l4xx_hal_timebase_tim.o
 .ARM.attributes
                0x0000000000000122       0x34 ./Core/Src/stm32l4xx_it.o
 .ARM.attributes
                0x0000000000000156       0x34 ./Core/Src/system_stm32l4xx.o
 .ARM.attributes
                0x000000000000018a       0x21 ./Core/Startup/startup_stm32l452retx.o
 .ARM.attributes
                0x00000000000001ab       0x34 ./Drivers/STM32L4xx_HAL_Driver/Src/stm32l4xx_hal.o
 .ARM.attributes
                0x00000000000001df       0x34 ./Drivers/STM32L4xx_HAL_Driver/Src/stm32l4xx_hal_can.o
 .ARM.attributes
                0x0000000000000213       0x34 ./Drivers/STM32L4xx_HAL_Driver/Src/stm32l4xx_hal_cortex.o
 .ARM.attributes
                0x0000000000000247       0x34 ./Drivers/STM32L4xx_HAL_Driver/Src/stm32l4xx_hal_gpio.o
 .ARM.attributes
                0x000000000000027b       0x34 ./Drivers/STM32L4xx_HAL_Driver/Src/stm32l4xx_hal_pwr_ex.o
 .ARM.attributes
                0x00000000000002af       0x34 ./Drivers/STM32L4xx_HAL_Driver/Src/stm32l4xx_hal_rcc.o
 .ARM.attributes
                0x00000000000002e3       0x34 ./Drivers/STM32L4xx_HAL_Driver/Src/stm32l4xx_hal_rcc_ex.o
 .ARM.attributes
                0x0000000000000317       0x34 ./Drivers/STM32L4xx_HAL_Driver/Src/stm32l4xx_hal_rtc.o
 .ARM.attributes
                0x000000000000034b       0x34 ./Drivers/STM32L4xx_HAL_Driver/Src/stm32l4xx_hal_spi.o
 .ARM.attributes
                0x000000000000037f       0x34 ./Drivers/STM32L4xx_HAL_Driver/Src/stm32l4xx_hal_tim.o
 .ARM.attributes
                0x00000000000003b3       0x34 ./Drivers/STM32L4xx_HAL_Driver/Src/stm32l4xx_hal_tim_ex.o
 .ARM.attributes
                0x00000000000003e7       0x34 ./Drivers/STM32L4xx_HAL_Driver/Src/stm32l4xx_hal_uart.o
 .ARM.attributes
                0x000000000000041b       0x34 c:/st/stm32cubeide_1.9.0/stm32cubeide/plugins/com.st.stm32cube.ide.mcu.externaltools.gnu-tools-for-stm32.10.3-2021.10.win32_1.0.100.202210260954/tools/bin/../lib/gcc/arm-none-eabi/10.3.1/../../../../arm-none-eabi/lib/thumb/v7e-m+fp/hard\libc_nano.a(lib_a-init.o)
 .ARM.attributes
                0x000000000000044f       0x34 c:/st/stm32cubeide_1.9.0/stm32cubeide/plugins/com.st.stm32cube.ide.mcu.externaltools.gnu-tools-for-stm32.10.3-2021.10.win32_1.0.100.202210260954/tools/bin/../lib/gcc/arm-none-eabi/10.3.1/../../../../arm-none-eabi/lib/thumb/v7e-m+fp/hard\libc_nano.a(lib_a-memset.o)
 .ARM.attributes
                0x0000000000000483       0x1e c:/st/stm32cubeide_1.9.0/stm32cubeide/plugins/com.st.stm32cube.ide.mcu.externaltools.gnu-tools-for-stm32.10.3-2021.10.win32_1.0.100.202210260954/tools/bin/../lib/gcc/arm-none-eabi/10.3.1/thumb/v7e-m+fp/hard\libgcc.a(_aeabi_uldivmod.o)
 .ARM.attributes
                0x00000000000004a1       0x34 c:/st/stm32cubeide_1.9.0/stm32cubeide/plugins/com.st.stm32cube.ide.mcu.externaltools.gnu-tools-for-stm32.10.3-2021.10.win32_1.0.100.202210260954/tools/bin/../lib/gcc/arm-none-eabi/10.3.1/thumb/v7e-m+fp/hard\libgcc.a(_udivmoddi4.o)
 .ARM.attributes
                0x00000000000004d5       0x1e c:/st/stm32cubeide_1.9.0/stm32cubeide/plugins/com.st.stm32cube.ide.mcu.externaltools.gnu-tools-for-stm32.10.3-2021.10.win32_1.0.100.202210260954/tools/bin/../lib/gcc/arm-none-eabi/10.3.1/thumb/v7e-m+fp/hard\libgcc.a(_dvmd_tls.o)
 .ARM.attributes
                0x00000000000004f3       0x1e c:/st/stm32cubeide_1.9.0/stm32cubeide/plugins/com.st.stm32cube.ide.mcu.externaltools.gnu-tools-for-stm32.10.3-2021.10.win32_1.0.100.202210260954/tools/bin/../lib/gcc/arm-none-eabi/10.3.1/thumb/v7e-m+fp/hard/crtn.o
OUTPUT(cdh-tsat6-stm32project-boardV1.elf elf32-littlearm)
LOAD linker stubs
LOAD c:/st/stm32cubeide_1.9.0/stm32cubeide/plugins/com.st.stm32cube.ide.mcu.externaltools.gnu-tools-for-stm32.10.3-2021.10.win32_1.0.100.202210260954/tools/bin/../lib/gcc/arm-none-eabi/10.3.1/../../../../arm-none-eabi/lib/thumb/v7e-m+fp/hard\libc.a
LOAD c:/st/stm32cubeide_1.9.0/stm32cubeide/plugins/com.st.stm32cube.ide.mcu.externaltools.gnu-tools-for-stm32.10.3-2021.10.win32_1.0.100.202210260954/tools/bin/../lib/gcc/arm-none-eabi/10.3.1/../../../../arm-none-eabi/lib/thumb/v7e-m+fp/hard\libm.a
LOAD c:/st/stm32cubeide_1.9.0/stm32cubeide/plugins/com.st.stm32cube.ide.mcu.externaltools.gnu-tools-for-stm32.10.3-2021.10.win32_1.0.100.202210260954/tools/bin/../lib/gcc/arm-none-eabi/10.3.1/thumb/v7e-m+fp/hard\libgcc.a

.debug_info     0x0000000000000000    0x15fa6
 .debug_info    0x0000000000000000      0x8c3 ./Core/Src/can.o
 .debug_info    0x00000000000008c3     0x1e0e ./Core/Src/main.o
 .debug_info    0x00000000000026d1     0x1b77 ./Core/Src/stm32l4xx_hal_msp.o
 .debug_info    0x0000000000004248      0xcb3 ./Core/Src/stm32l4xx_hal_timebase_tim.o
 .debug_info    0x0000000000004efb      0xb73 ./Core/Src/stm32l4xx_it.o
 .debug_info    0x0000000000005a6e      0x5e2 ./Core/Src/system_stm32l4xx.o
 .debug_info    0x0000000000006050       0x22 ./Core/Startup/startup_stm32l452retx.o
 .debug_info    0x0000000000006072      0xb09 ./Drivers/STM32L4xx_HAL_Driver/Src/stm32l4xx_hal.o
 .debug_info    0x0000000000006b7b     0x1027 ./Drivers/STM32L4xx_HAL_Driver/Src/stm32l4xx_hal_can.o
 .debug_info    0x0000000000007ba2      0xdd9 ./Drivers/STM32L4xx_HAL_Driver/Src/stm32l4xx_hal_cortex.o
 .debug_info    0x000000000000897b      0x82f ./Drivers/STM32L4xx_HAL_Driver/Src/stm32l4xx_hal_gpio.o
 .debug_info    0x00000000000091aa      0x96b ./Drivers/STM32L4xx_HAL_Driver/Src/stm32l4xx_hal_pwr_ex.o
 .debug_info    0x0000000000009b15      0xca5 ./Drivers/STM32L4xx_HAL_Driver/Src/stm32l4xx_hal_rcc.o
 .debug_info    0x000000000000a7ba      0xfaa ./Drivers/STM32L4xx_HAL_Driver/Src/stm32l4xx_hal_rcc_ex.o
 .debug_info    0x000000000000b764      0xea7 ./Drivers/STM32L4xx_HAL_Driver/Src/stm32l4xx_hal_rtc.o
 .debug_info    0x000000000000c60b     0x1782 ./Drivers/STM32L4xx_HAL_Driver/Src/stm32l4xx_hal_spi.o
 .debug_info    0x000000000000dd8d     0x2d04 ./Drivers/STM32L4xx_HAL_Driver/Src/stm32l4xx_hal_tim.o
 .debug_info    0x0000000000010a91     0x17eb ./Drivers/STM32L4xx_HAL_Driver/Src/stm32l4xx_hal_tim_ex.o
 .debug_info    0x000000000001227c     0x3d2a ./Drivers/STM32L4xx_HAL_Driver/Src/stm32l4xx_hal_uart.o

.debug_abbrev   0x0000000000000000     0x28c9
 .debug_abbrev  0x0000000000000000      0x1f3 ./Core/Src/can.o
 .debug_abbrev  0x00000000000001f3      0x339 ./Core/Src/main.o
 .debug_abbrev  0x000000000000052c      0x259 ./Core/Src/stm32l4xx_hal_msp.o
 .debug_abbrev  0x0000000000000785      0x1e6 ./Core/Src/stm32l4xx_hal_timebase_tim.o
 .debug_abbrev  0x000000000000096b      0x1b3 ./Core/Src/stm32l4xx_it.o
 .debug_abbrev  0x0000000000000b1e      0x116 ./Core/Src/system_stm32l4xx.o
 .debug_abbrev  0x0000000000000c34       0x12 ./Core/Startup/startup_stm32l452retx.o
 .debug_abbrev  0x0000000000000c46      0x23a ./Drivers/STM32L4xx_HAL_Driver/Src/stm32l4xx_hal.o
 .debug_abbrev  0x0000000000000e80      0x25d ./Drivers/STM32L4xx_HAL_Driver/Src/stm32l4xx_hal_can.o
 .debug_abbrev  0x00000000000010dd      0x316 ./Drivers/STM32L4xx_HAL_Driver/Src/stm32l4xx_hal_cortex.o
 .debug_abbrev  0x00000000000013f3      0x1bb ./Drivers/STM32L4xx_HAL_Driver/Src/stm32l4xx_hal_gpio.o
 .debug_abbrev  0x00000000000015ae      0x1f3 ./Drivers/STM32L4xx_HAL_Driver/Src/stm32l4xx_hal_pwr_ex.o
 .debug_abbrev  0x00000000000017a1      0x2bd ./Drivers/STM32L4xx_HAL_Driver/Src/stm32l4xx_hal_rcc.o
 .debug_abbrev  0x0000000000001a5e      0x299 ./Drivers/STM32L4xx_HAL_Driver/Src/stm32l4xx_hal_rcc_ex.o
 .debug_abbrev  0x0000000000001cf7      0x1f2 ./Drivers/STM32L4xx_HAL_Driver/Src/stm32l4xx_hal_rtc.o
 .debug_abbrev  0x0000000000001ee9      0x254 ./Drivers/STM32L4xx_HAL_Driver/Src/stm32l4xx_hal_spi.o
 .debug_abbrev  0x000000000000213d      0x264 ./Drivers/STM32L4xx_HAL_Driver/Src/stm32l4xx_hal_tim.o
 .debug_abbrev  0x00000000000023a1      0x26c ./Drivers/STM32L4xx_HAL_Driver/Src/stm32l4xx_hal_tim_ex.o
 .debug_abbrev  0x000000000000260d      0x2bc ./Drivers/STM32L4xx_HAL_Driver/Src/stm32l4xx_hal_uart.o

.debug_aranges  0x0000000000000000     0x12c0
 .debug_aranges
                0x0000000000000000       0x30 ./Core/Src/can.o
 .debug_aranges
                0x0000000000000030       0x78 ./Core/Src/main.o
 .debug_aranges
                0x00000000000000a8       0x60 ./Core/Src/stm32l4xx_hal_msp.o
 .debug_aranges
                0x0000000000000108       0x30 ./Core/Src/stm32l4xx_hal_timebase_tim.o
 .debug_aranges
                0x0000000000000138       0x70 ./Core/Src/stm32l4xx_it.o
 .debug_aranges
                0x00000000000001a8       0x28 ./Core/Src/system_stm32l4xx.o
 .debug_aranges
                0x00000000000001d0       0x28 ./Core/Startup/startup_stm32l452retx.o
 .debug_aranges
                0x00000000000001f8      0x130 ./Drivers/STM32L4xx_HAL_Driver/Src/stm32l4xx_hal.o
 .debug_aranges
                0x0000000000000328      0x138 ./Drivers/STM32L4xx_HAL_Driver/Src/stm32l4xx_hal_can.o
 .debug_aranges
                0x0000000000000460      0x118 ./Drivers/STM32L4xx_HAL_Driver/Src/stm32l4xx_hal_cortex.o
 .debug_aranges
                0x0000000000000578       0x58 ./Drivers/STM32L4xx_HAL_Driver/Src/stm32l4xx_hal_gpio.o
 .debug_aranges
                0x00000000000005d0      0x128 ./Drivers/STM32L4xx_HAL_Driver/Src/stm32l4xx_hal_pwr_ex.o
 .debug_aranges
                0x00000000000006f8       0x90 ./Drivers/STM32L4xx_HAL_Driver/Src/stm32l4xx_hal_rcc.o
 .debug_aranges
                0x0000000000000788       0xf0 ./Drivers/STM32L4xx_HAL_Driver/Src/stm32l4xx_hal_rcc_ex.o
 .debug_aranges
                0x0000000000000878       0xe8 ./Drivers/STM32L4xx_HAL_Driver/Src/stm32l4xx_hal_rtc.o
 .debug_aranges
                0x0000000000000960      0x1d8 ./Drivers/STM32L4xx_HAL_Driver/Src/stm32l4xx_hal_spi.o
 .debug_aranges
                0x0000000000000b38      0x3e0 ./Drivers/STM32L4xx_HAL_Driver/Src/stm32l4xx_hal_tim.o
 .debug_aranges
                0x0000000000000f18      0x180 ./Drivers/STM32L4xx_HAL_Driver/Src/stm32l4xx_hal_tim_ex.o
 .debug_aranges
                0x0000000000001098      0x228 ./Drivers/STM32L4xx_HAL_Driver/Src/stm32l4xx_hal_uart.o

.debug_ranges   0x0000000000000000     0x11c8
 .debug_ranges  0x0000000000000000       0x20 ./Core/Src/can.o
 .debug_ranges  0x0000000000000020       0x68 ./Core/Src/main.o
 .debug_ranges  0x0000000000000088       0x50 ./Core/Src/stm32l4xx_hal_msp.o
 .debug_ranges  0x00000000000000d8       0x20 ./Core/Src/stm32l4xx_hal_timebase_tim.o
 .debug_ranges  0x00000000000000f8       0x60 ./Core/Src/stm32l4xx_it.o
 .debug_ranges  0x0000000000000158       0x18 ./Core/Src/system_stm32l4xx.o
 .debug_ranges  0x0000000000000170       0x20 ./Core/Startup/startup_stm32l452retx.o
 .debug_ranges  0x0000000000000190      0x120 ./Drivers/STM32L4xx_HAL_Driver/Src/stm32l4xx_hal.o
 .debug_ranges  0x00000000000002b0      0x128 ./Drivers/STM32L4xx_HAL_Driver/Src/stm32l4xx_hal_can.o
 .debug_ranges  0x00000000000003d8      0x108 ./Drivers/STM32L4xx_HAL_Driver/Src/stm32l4xx_hal_cortex.o
 .debug_ranges  0x00000000000004e0       0x48 ./Drivers/STM32L4xx_HAL_Driver/Src/stm32l4xx_hal_gpio.o
 .debug_ranges  0x0000000000000528      0x118 ./Drivers/STM32L4xx_HAL_Driver/Src/stm32l4xx_hal_pwr_ex.o
 .debug_ranges  0x0000000000000640       0x80 ./Drivers/STM32L4xx_HAL_Driver/Src/stm32l4xx_hal_rcc.o
 .debug_ranges  0x00000000000006c0       0xe0 ./Drivers/STM32L4xx_HAL_Driver/Src/stm32l4xx_hal_rcc_ex.o
 .debug_ranges  0x00000000000007a0       0xd8 ./Drivers/STM32L4xx_HAL_Driver/Src/stm32l4xx_hal_rtc.o
 .debug_ranges  0x0000000000000878      0x1c8 ./Drivers/STM32L4xx_HAL_Driver/Src/stm32l4xx_hal_spi.o
 .debug_ranges  0x0000000000000a40      0x3d0 ./Drivers/STM32L4xx_HAL_Driver/Src/stm32l4xx_hal_tim.o
 .debug_ranges  0x0000000000000e10      0x170 ./Drivers/STM32L4xx_HAL_Driver/Src/stm32l4xx_hal_tim_ex.o
 .debug_ranges  0x0000000000000f80      0x248 ./Drivers/STM32L4xx_HAL_Driver/Src/stm32l4xx_hal_uart.o

.debug_macro    0x0000000000000000    0x24cf5
 .debug_macro   0x0000000000000000      0x374 ./Core/Src/can.o
 .debug_macro   0x0000000000000374      0xa78 ./Core/Src/can.o
 .debug_macro   0x0000000000000dec       0x22 ./Core/Src/can.o
 .debug_macro   0x0000000000000e0e       0x4c ./Core/Src/can.o
 .debug_macro   0x0000000000000e5a       0x1e ./Core/Src/can.o
 .debug_macro   0x0000000000000e78       0x94 ./Core/Src/can.o
 .debug_macro   0x0000000000000f0c       0x3c ./Core/Src/can.o
 .debug_macro   0x0000000000000f48       0x34 ./Core/Src/can.o
 .debug_macro   0x0000000000000f7c       0x16 ./Core/Src/can.o
 .debug_macro   0x0000000000000f92       0x57 ./Core/Src/can.o
 .debug_macro   0x0000000000000fe9       0x97 ./Core/Src/can.o
 .debug_macro   0x0000000000001080      0x341 ./Core/Src/can.o
 .debug_macro   0x00000000000013c1       0xfd ./Core/Src/can.o
 .debug_macro   0x00000000000014be       0x10 ./Core/Src/can.o
 .debug_macro   0x00000000000014ce       0x16 ./Core/Src/can.o
 .debug_macro   0x00000000000014e4       0x43 ./Core/Src/can.o
 .debug_macro   0x0000000000001527       0x34 ./Core/Src/can.o
 .debug_macro   0x000000000000155b       0x10 ./Core/Src/can.o
 .debug_macro   0x000000000000156b       0x58 ./Core/Src/can.o
 .debug_macro   0x00000000000015c3       0x71 ./Core/Src/can.o
 .debug_macro   0x0000000000001634       0x1c ./Core/Src/can.o
 .debug_macro   0x0000000000001650      0x12a ./Core/Src/can.o
 .debug_macro   0x000000000000177a       0x10 ./Core/Src/can.o
 .debug_macro   0x000000000000178a       0x6a ./Core/Src/can.o
 .debug_macro   0x00000000000017f4       0x1c ./Core/Src/can.o
 .debug_macro   0x0000000000001810       0x52 ./Core/Src/can.o
 .debug_macro   0x0000000000001862       0x22 ./Core/Src/can.o
 .debug_macro   0x0000000000001884       0x10 ./Core/Src/can.o
 .debug_macro   0x0000000000001894       0x52 ./Core/Src/can.o
 .debug_macro   0x00000000000018e6       0xd5 ./Core/Src/can.o
 .debug_macro   0x00000000000019bb       0x1c ./Core/Src/can.o
 .debug_macro   0x00000000000019d7       0x3d ./Core/Src/can.o
 .debug_macro   0x0000000000001a14       0x16 ./Core/Src/can.o
 .debug_macro   0x0000000000001a2a      0x145 ./Core/Src/can.o
 .debug_macro   0x0000000000001b6f      0x1bf ./Core/Src/can.o
 .debug_macro   0x0000000000001d2e       0x2e ./Core/Src/can.o
 .debug_macro   0x0000000000001d5c       0x28 ./Core/Src/can.o
 .debug_macro   0x0000000000001d84      0x103 ./Core/Src/can.o
 .debug_macro   0x0000000000001e87      0x1df ./Core/Src/can.o
 .debug_macro   0x0000000000002066       0x1c ./Core/Src/can.o
 .debug_macro   0x0000000000002082       0x22 ./Core/Src/can.o
 .debug_macro   0x00000000000020a4       0xfb ./Core/Src/can.o
 .debug_macro   0x000000000000219f     0x1011 ./Core/Src/can.o
 .debug_macro   0x00000000000031b0      0x11f ./Core/Src/can.o
 .debug_macro   0x00000000000032cf    0x16336 ./Core/Src/can.o
 .debug_macro   0x0000000000019605       0x6d ./Core/Src/can.o
 .debug_macro   0x0000000000019672     0x38e6 ./Core/Src/can.o
 .debug_macro   0x000000000001cf58       0x56 ./Core/Src/can.o
 .debug_macro   0x000000000001cfae     0x13fa ./Core/Src/can.o
 .debug_macro   0x000000000001e3a8      0x646 ./Core/Src/can.o
 .debug_macro   0x000000000001e9ee      0x1b9 ./Core/Src/can.o
 .debug_macro   0x000000000001eba7      0x168 ./Core/Src/can.o
 .debug_macro   0x000000000001ed0f      0x26b ./Core/Src/can.o
 .debug_macro   0x000000000001ef7a      0x23d ./Core/Src/can.o
 .debug_macro   0x000000000001f1b7      0x408 ./Core/Src/can.o
 .debug_macro   0x000000000001f5bf      0x241 ./Core/Src/can.o
 .debug_macro   0x000000000001f800      0x375 ./Core/Src/can.o
 .debug_macro   0x000000000001fb75       0xd6 ./Core/Src/can.o
 .debug_macro   0x000000000001fc4b      0x22c ./Core/Src/can.o
 .debug_macro   0x000000000001fe77       0x61 ./Core/Src/can.o
 .debug_macro   0x000000000001fed8       0xa5 ./Core/Src/can.o
 .debug_macro   0x000000000001ff7d      0x122 ./Core/Src/can.o
 .debug_macro   0x000000000002009f      0x364 ./Core/Src/can.o
 .debug_macro   0x0000000000020403      0x31a ./Core/Src/can.o
 .debug_macro   0x000000000002071d      0x4fb ./Core/Src/can.o
 .debug_macro   0x0000000000020c18       0xe4 ./Core/Src/can.o
 .debug_macro   0x0000000000020cfc      0x2fe ./Core/Src/can.o
 .debug_macro   0x0000000000020ffa      0xa91 ./Core/Src/can.o
 .debug_macro   0x0000000000021a8b      0x150 ./Core/Src/can.o
 .debug_macro   0x0000000000021bdb      0x5ba ./Core/Src/can.o
 .debug_macro   0x0000000000022195       0x44 ./Core/Src/can.o
 .debug_macro   0x00000000000221d9      0x2eb ./Core/Src/can.o
 .debug_macro   0x00000000000224c4      0x22a ./Core/Src/main.o
 .debug_macro   0x00000000000226ee       0x8e ./Core/Src/main.o
 .debug_macro   0x000000000002277c       0x51 ./Core/Src/main.o
 .debug_macro   0x00000000000227cd      0x174 ./Core/Src/main.o
 .debug_macro   0x0000000000022941       0x5c ./Core/Src/main.o
 .debug_macro   0x000000000002299d       0xe8 ./Core/Src/main.o
 .debug_macro   0x0000000000022a85      0x220 ./Core/Src/stm32l4xx_hal_msp.o
 .debug_macro   0x0000000000022ca5      0x211 ./Core/Src/stm32l4xx_hal_timebase_tim.o
 .debug_macro   0x0000000000022eb6      0x234 ./Core/Src/stm32l4xx_it.o
 .debug_macro   0x00000000000230ea      0x211 ./Core/Src/system_stm32l4xx.o
 .debug_macro   0x00000000000232fb      0x25f ./Drivers/STM32L4xx_HAL_Driver/Src/stm32l4xx_hal.o
 .debug_macro   0x000000000002355a      0x219 ./Drivers/STM32L4xx_HAL_Driver/Src/stm32l4xx_hal_can.o
 .debug_macro   0x0000000000023773      0x211 ./Drivers/STM32L4xx_HAL_Driver/Src/stm32l4xx_hal_cortex.o
 .debug_macro   0x0000000000023984      0x218 ./Drivers/STM32L4xx_HAL_Driver/Src/stm32l4xx_hal_gpio.o
 .debug_macro   0x0000000000023b9c      0x235 ./Drivers/STM32L4xx_HAL_Driver/Src/stm32l4xx_hal_pwr_ex.o
 .debug_macro   0x0000000000023dd1      0x253 ./Drivers/STM32L4xx_HAL_Driver/Src/stm32l4xx_hal_rcc.o
 .debug_macro   0x0000000000024024      0x247 ./Drivers/STM32L4xx_HAL_Driver/Src/stm32l4xx_hal_rcc_ex.o
 .debug_macro   0x000000000002426b      0x212 ./Drivers/STM32L4xx_HAL_Driver/Src/stm32l4xx_hal_rtc.o
 .debug_macro   0x000000000002447d      0x219 ./Drivers/STM32L4xx_HAL_Driver/Src/stm32l4xx_hal_spi.o
 .debug_macro   0x0000000000024696      0x212 ./Drivers/STM32L4xx_HAL_Driver/Src/stm32l4xx_hal_tim.o
 .debug_macro   0x00000000000248a8      0x211 ./Drivers/STM32L4xx_HAL_Driver/Src/stm32l4xx_hal_tim_ex.o
 .debug_macro   0x0000000000024ab9      0x23c ./Drivers/STM32L4xx_HAL_Driver/Src/stm32l4xx_hal_uart.o

.debug_line     0x0000000000000000    0x15817
 .debug_line    0x0000000000000000      0xa2c ./Core/Src/can.o
 .debug_line    0x0000000000000a2c      0xa5f ./Core/Src/main.o
 .debug_line    0x000000000000148b      0x918 ./Core/Src/stm32l4xx_hal_msp.o
 .debug_line    0x0000000000001da3      0x7e1 ./Core/Src/stm32l4xx_hal_timebase_tim.o
 .debug_line    0x0000000000002584      0x861 ./Core/Src/stm32l4xx_it.o
 .debug_line    0x0000000000002de5      0x802 ./Core/Src/system_stm32l4xx.o
 .debug_line    0x00000000000035e7       0x88 ./Core/Startup/startup_stm32l452retx.o
 .debug_line    0x000000000000366f      0xb5a ./Drivers/STM32L4xx_HAL_Driver/Src/stm32l4xx_hal.o
 .debug_line    0x00000000000041c9     0x11b6 ./Drivers/STM32L4xx_HAL_Driver/Src/stm32l4xx_hal_can.o
 .debug_line    0x000000000000537f      0xd01 ./Drivers/STM32L4xx_HAL_Driver/Src/stm32l4xx_hal_cortex.o
 .debug_line    0x0000000000006080      0xb7a ./Drivers/STM32L4xx_HAL_Driver/Src/stm32l4xx_hal_gpio.o
 .debug_line    0x0000000000006bfa      0xc6d ./Drivers/STM32L4xx_HAL_Driver/Src/stm32l4xx_hal_pwr_ex.o
 .debug_line    0x0000000000007867     0x1012 ./Drivers/STM32L4xx_HAL_Driver/Src/stm32l4xx_hal_rcc.o
 .debug_line    0x0000000000008879     0x144b ./Drivers/STM32L4xx_HAL_Driver/Src/stm32l4xx_hal_rcc_ex.o
 .debug_line    0x0000000000009cc4     0x116e ./Drivers/STM32L4xx_HAL_Driver/Src/stm32l4xx_hal_rtc.o
 .debug_line    0x000000000000ae32     0x1f94 ./Drivers/STM32L4xx_HAL_Driver/Src/stm32l4xx_hal_spi.o
 .debug_line    0x000000000000cdc6     0x3be6 ./Drivers/STM32L4xx_HAL_Driver/Src/stm32l4xx_hal_tim.o
 .debug_line    0x00000000000109ac     0x1bb7 ./Drivers/STM32L4xx_HAL_Driver/Src/stm32l4xx_hal_tim_ex.o
 .debug_line    0x0000000000012563     0x32b4 ./Drivers/STM32L4xx_HAL_Driver/Src/stm32l4xx_hal_uart.o

.debug_str      0x0000000000000000    0xe4955
 .debug_str     0x0000000000000000    0xdeccc ./Core/Src/can.o
                                      0xdefde (size before relaxing)
 .debug_str     0x00000000000deccc     0x11e0 ./Core/Src/main.o
                                      0xdc357 (size before relaxing)
 .debug_str     0x00000000000dfeac      0x6ce ./Core/Src/stm32l4xx_hal_msp.o
                                      0xdc408 (size before relaxing)
 .debug_str     0x00000000000e057a      0x107 ./Core/Src/stm32l4xx_hal_timebase_tim.o
                                      0xdb958 (size before relaxing)
 .debug_str     0x00000000000e0681       0xf7 ./Core/Src/stm32l4xx_it.o
                                      0xdb90d (size before relaxing)
 .debug_str     0x00000000000e0778       0xf2 ./Core/Src/system_stm32l4xx.o
                                      0xdaf47 (size before relaxing)
 .debug_str     0x00000000000e086a       0x36 ./Core/Startup/startup_stm32l452retx.o
                                         0x85 (size before relaxing)
 .debug_str     0x00000000000e08a0      0x5f2 ./Drivers/STM32L4xx_HAL_Driver/Src/stm32l4xx_hal.o
                                      0xdba3b (size before relaxing)
 .debug_str     0x00000000000e0e92      0x3c3 ./Drivers/STM32L4xx_HAL_Driver/Src/stm32l4xx_hal_can.o
                                      0xdb5cb (size before relaxing)
 .debug_str     0x00000000000e1255      0x30f ./Drivers/STM32L4xx_HAL_Driver/Src/stm32l4xx_hal_cortex.o
                                      0xdb6e5 (size before relaxing)
 .debug_str     0x00000000000e1564      0x110 ./Drivers/STM32L4xx_HAL_Driver/Src/stm32l4xx_hal_gpio.o
                                      0xdb0bb (size before relaxing)
 .debug_str     0x00000000000e1674      0x44e ./Drivers/STM32L4xx_HAL_Driver/Src/stm32l4xx_hal_pwr_ex.o
                                      0xdb3e8 (size before relaxing)
 .debug_str     0x00000000000e1ac2      0x356 ./Drivers/STM32L4xx_HAL_Driver/Src/stm32l4xx_hal_rcc.o
                                      0xdb547 (size before relaxing)
 .debug_str     0x00000000000e1e18      0x540 ./Drivers/STM32L4xx_HAL_Driver/Src/stm32l4xx_hal_rcc_ex.o
                                      0xdb80b (size before relaxing)
 .debug_str     0x00000000000e2358      0x332 ./Drivers/STM32L4xx_HAL_Driver/Src/stm32l4xx_hal_rtc.o
                                      0xdb3c8 (size before relaxing)
 .debug_str     0x00000000000e268a      0x5a8 ./Drivers/STM32L4xx_HAL_Driver/Src/stm32l4xx_hal_spi.o
                                      0xdb75e (size before relaxing)
 .debug_str     0x00000000000e2c32      0xe7e ./Drivers/STM32L4xx_HAL_Driver/Src/stm32l4xx_hal_tim.o
                                      0xdc26d (size before relaxing)
 .debug_str     0x00000000000e3ab0      0x607 ./Drivers/STM32L4xx_HAL_Driver/Src/stm32l4xx_hal_tim_ex.o
                                      0xdbb91 (size before relaxing)
 .debug_str     0x00000000000e40b7      0x89e ./Drivers/STM32L4xx_HAL_Driver/Src/stm32l4xx_hal_uart.o
                                      0xdbc77 (size before relaxing)

.comment        0x0000000000000000       0x50
 .comment       0x0000000000000000       0x50 ./Core/Src/can.o
                                         0x51 (size before relaxing)
 .comment       0x0000000000000050       0x51 ./Core/Src/main.o
 .comment       0x0000000000000050       0x51 ./Core/Src/stm32l4xx_hal_msp.o
 .comment       0x0000000000000050       0x51 ./Core/Src/stm32l4xx_hal_timebase_tim.o
 .comment       0x0000000000000050       0x51 ./Core/Src/stm32l4xx_it.o
 .comment       0x0000000000000050       0x51 ./Core/Src/system_stm32l4xx.o
 .comment       0x0000000000000050       0x51 ./Drivers/STM32L4xx_HAL_Driver/Src/stm32l4xx_hal.o
 .comment       0x0000000000000050       0x51 ./Drivers/STM32L4xx_HAL_Driver/Src/stm32l4xx_hal_can.o
 .comment       0x0000000000000050       0x51 ./Drivers/STM32L4xx_HAL_Driver/Src/stm32l4xx_hal_cortex.o
 .comment       0x0000000000000050       0x51 ./Drivers/STM32L4xx_HAL_Driver/Src/stm32l4xx_hal_gpio.o
 .comment       0x0000000000000050       0x51 ./Drivers/STM32L4xx_HAL_Driver/Src/stm32l4xx_hal_pwr_ex.o
 .comment       0x0000000000000050       0x51 ./Drivers/STM32L4xx_HAL_Driver/Src/stm32l4xx_hal_rcc.o
 .comment       0x0000000000000050       0x51 ./Drivers/STM32L4xx_HAL_Driver/Src/stm32l4xx_hal_rcc_ex.o
 .comment       0x0000000000000050       0x51 ./Drivers/STM32L4xx_HAL_Driver/Src/stm32l4xx_hal_rtc.o
 .comment       0x0000000000000050       0x51 ./Drivers/STM32L4xx_HAL_Driver/Src/stm32l4xx_hal_spi.o
 .comment       0x0000000000000050       0x51 ./Drivers/STM32L4xx_HAL_Driver/Src/stm32l4xx_hal_tim.o
 .comment       0x0000000000000050       0x51 ./Drivers/STM32L4xx_HAL_Driver/Src/stm32l4xx_hal_tim_ex.o
 .comment       0x0000000000000050       0x51 ./Drivers/STM32L4xx_HAL_Driver/Src/stm32l4xx_hal_uart.o

.debug_frame    0x0000000000000000     0x4fd4
 .debug_frame   0x0000000000000000       0x7c ./Core/Src/can.o
 .debug_frame   0x000000000000007c      0x180 ./Core/Src/main.o
 .debug_frame   0x00000000000001fc      0x160 ./Core/Src/stm32l4xx_hal_msp.o
 .debug_frame   0x000000000000035c       0x74 ./Core/Src/stm32l4xx_hal_timebase_tim.o
 .debug_frame   0x00000000000003d0      0x140 ./Core/Src/stm32l4xx_it.o
 .debug_frame   0x0000000000000510       0x58 ./Core/Src/system_stm32l4xx.o
 .debug_frame   0x0000000000000568      0x498 ./Drivers/STM32L4xx_HAL_Driver/Src/stm32l4xx_hal.o
 .debug_frame   0x0000000000000a00      0x5a0 ./Drivers/STM32L4xx_HAL_Driver/Src/stm32l4xx_hal_can.o
 .debug_frame   0x0000000000000fa0      0x498 ./Drivers/STM32L4xx_HAL_Driver/Src/stm32l4xx_hal_cortex.o
 .debug_frame   0x0000000000001438      0x14c ./Drivers/STM32L4xx_HAL_Driver/Src/stm32l4xx_hal_gpio.o
 .debug_frame   0x0000000000001584      0x4a4 ./Drivers/STM32L4xx_HAL_Driver/Src/stm32l4xx_hal_pwr_ex.o
 .debug_frame   0x0000000000001a28      0x21c ./Drivers/STM32L4xx_HAL_Driver/Src/stm32l4xx_hal_rcc.o
 .debug_frame   0x0000000000001c44      0x3d0 ./Drivers/STM32L4xx_HAL_Driver/Src/stm32l4xx_hal_rcc_ex.o
 .debug_frame   0x0000000000002014      0x3f4 ./Drivers/STM32L4xx_HAL_Driver/Src/stm32l4xx_hal_rtc.o
 .debug_frame   0x0000000000002408      0x860 ./Drivers/STM32L4xx_HAL_Driver/Src/stm32l4xx_hal_spi.o
 .debug_frame   0x0000000000002c68     0x121c ./Drivers/STM32L4xx_HAL_Driver/Src/stm32l4xx_hal_tim.o
 .debug_frame   0x0000000000003e84      0x6b0 ./Drivers/STM32L4xx_HAL_Driver/Src/stm32l4xx_hal_tim_ex.o
 .debug_frame   0x0000000000004534      0x9f4 ./Drivers/STM32L4xx_HAL_Driver/Src/stm32l4xx_hal_uart.o
 .debug_frame   0x0000000000004f28       0x2c c:/st/stm32cubeide_1.9.0/stm32cubeide/plugins/com.st.stm32cube.ide.mcu.externaltools.gnu-tools-for-stm32.10.3-2021.10.win32_1.0.100.202210260954/tools/bin/../lib/gcc/arm-none-eabi/10.3.1/../../../../arm-none-eabi/lib/thumb/v7e-m+fp/hard\libc_nano.a(lib_a-init.o)
 .debug_frame   0x0000000000004f54       0x20 c:/st/stm32cubeide_1.9.0/stm32cubeide/plugins/com.st.stm32cube.ide.mcu.externaltools.gnu-tools-for-stm32.10.3-2021.10.win32_1.0.100.202210260954/tools/bin/../lib/gcc/arm-none-eabi/10.3.1/../../../../arm-none-eabi/lib/thumb/v7e-m+fp/hard\libc_nano.a(lib_a-memset.o)
 .debug_frame   0x0000000000004f74       0x2c c:/st/stm32cubeide_1.9.0/stm32cubeide/plugins/com.st.stm32cube.ide.mcu.externaltools.gnu-tools-for-stm32.10.3-2021.10.win32_1.0.100.202210260954/tools/bin/../lib/gcc/arm-none-eabi/10.3.1/thumb/v7e-m+fp/hard\libgcc.a(_aeabi_uldivmod.o)
 .debug_frame   0x0000000000004fa0       0x34 c:/st/stm32cubeide_1.9.0/stm32cubeide/plugins/com.st.stm32cube.ide.mcu.externaltools.gnu-tools-for-stm32.10.3-2021.10.win32_1.0.100.202210260954/tools/bin/../lib/gcc/arm-none-eabi/10.3.1/thumb/v7e-m+fp/hard\libgcc.a(_udivmoddi4.o)
