../Core/Src/main.c:79:5:main	24	static
../Core/Src/main.c:137:6:SystemClock_Config	96	static
../Core/Src/main.c:188:13:MX_CAN1_Init	8	static
../Core/Src/main.c:225:13:MX_RTC_Init	8	static
../Core/Src/main.c:261:13:MX_SPI1_Init	8	static
../Core/Src/main.c:301:13:MX_SPI2_Init	8	static
../Core/Src/main.c:341:13:MX_SPI3_Init	8	static
../Core/Src/main.c:381:13:MX_UART4_Init	8	static
../Core/Src/main.c:416:13:MX_USART2_UART_Init	8	static
../Core/Src/main.c:451:13:MX_GPIO_Init	48	static
../Core/Src/main.c:512:6:HAL_CAN_RxFifo0MsgPendingCallback	16	static
../Core/Src/main.c:522:6:Error_Handler	4	static,ignoring_inline_asm
