../Core/Src/command_handler.c:6:6:commandHandlerInit	16	static
../Core/Src/command_handler.c:16:6:commandProccesor	32	static
../Core/Src/main.c:72:5:main	48	static
../Core/Src/main.c:146:6:SystemClock_Config	96	static
../Core/Src/main.c:196:13:MX_CAN1_Init	8	static
../Core/Src/main.c:233:13:MX_USART2_UART_Init	8	static
../Core/Src/main.c:268:13:MX_GPIO_Init	48	static
../Core/Src/main.c:297:6:HAL_CAN_RxFifo0MsgPendingCallback	16	static
../Core/Src/main.c:310:6:StartDefaultTask	16	static
../Core/Src/main.c:329:6:HAL_TIM_PeriodElapsedCallback	16	static
../Core/Src/main.c:346:6:Error_Handler	4	static,ignoring_inline_asm
